This is pdfTeX, Version 3.141592653-2.6-1.40.28 (TeX Live 2025) (preloaded format=pdflatex 2025.12.14)  15 DEC 2025 15:42
entering extended mode
 restricted \write18 enabled.
 file:line:error style messages enabled.
 %&-line parsing enabled.
**c:/Users/misha/Documents/practicum/semester_7/StochAn/main.tex
(c:/Users/misha/Documents/practicum/semester_7/StochAn/main.tex
LaTeX2e <2025-11-01>
L3 programming layer <2025-11-14>
(c:/texlive/2025/texmf-dist/tex/latex/base/article.cls
Document Class: article 2025/01/22 v1.4n Standard LaTeX document class
(c:/texlive/2025/texmf-dist/tex/latex/base/size10.clo
File: size10.clo 2025/01/22 v1.4n Standard LaTeX file (size option)
)
\c@part=\count275
\c@section=\count276
\c@subsection=\count277
\c@subsubsection=\count278
\c@paragraph=\count279
\c@subparagraph=\count280
\c@figure=\count281
\c@table=\count282
\abovecaptionskip=\skip49
\belowcaptionskip=\skip50
\bibindent=\dimen148
) (c:/texlive/2025/texmf-dist/tex/latex/a4wide/a4wide.sty
Package: a4wide 1994/08/30
 (c:/texlive/2025/texmf-dist/tex/latex/ntgclass/a4.sty
Package: a4 2023/01/10 v1.2g A4 based page layout
)) (c:/texlive/2025/texmf-dist/tex/latex/base/inputenc.sty
Package: inputenc 2024/02/08 v1.3d Input encoding file
\inpenc@prehook=\toks17
\inpenc@posthook=\toks18
) (c:/texlive/2025/texmf-dist/tex/generic/babel/babel.sty
Package: babel 2025/12/11 v25.17 The multilingual framework for LuaLaTeX, pdfLaTeX and XeLaTeX
\babel@savecnt=\count283
LaTeX Encoding Info:    Redeclaring text command \ij (encoding OT1) on input line 2068.
LaTeX Encoding Info:    Redeclaring text command \IJ (encoding OT1) on input line 2070.
LaTeX Encoding Info:    Redeclaring text command \ij (encoding T1) on input line 2072.
LaTeX Encoding Info:    Redeclaring text command \IJ (encoding T1) on input line 2073.
LaTeX Encoding Info:    Ignoring declaration for text command \ij (encoding ?) on input line 2074.
LaTeX Encoding Info:    Ignoring declaration for text command \IJ (encoding ?) on input line 2076.
LaTeX Encoding Info:    Ignoring declaration for text command \SS (encoding ?) on input line 2101.
\U@D=\dimen149
\l@unhyphenated=\language90
 (c:/texlive/2025/texmf-dist/tex/generic/babel/txtbabel.def)
\bbl@readstream=\read2
\bbl@dirlevel=\count284
 (c:/texlive/2025/texmf-dist/tex/generic/babel/locale/ru/babel-russian.tex)
Package babel Info: Importing font and identification data for russian
(babel)             from babel-ru.ini. Reported on input line 4320.
 (c:/texlive/2025/texmf-dist/tex/generic/babel-russian/russianb.ldf
File: russianb.ldf 2021/01/10 1.3m Russian support for the Babel system
Language: russian 2020/09/09 1.3k Russian support for the Babel system


Package babel Warning: No Cyrillic font encoding has been loaded so far.
(babel)                A font encoding should be declared before babel.
(babel)                Default `T2A' encoding will be loaded  on input line 78.

(c:/texlive/2025/texmf-dist/tex/latex/cyrillic/t2aenc.def
File: t2aenc.def 2023/11/07 v1.0k Cyrillic encoding definition file
Now handling font encoding T2A ...
... processing UTF-8 mapping file for font encoding T2A
 (c:/texlive/2025/texmf-dist/tex/latex/base/t2aenc.dfu
File: t2aenc.dfu 2022/06/07 v1.3c UTF-8 support
   defining Unicode char U+00A4 (decimal 164)
   defining Unicode char U+00A7 (decimal 167)
   defining Unicode char U+00AB (decimal 171)
   defining Unicode char U+00BB (decimal 187)
   defining Unicode char U+0131 (decimal 305)
   defining Unicode char U+0237 (decimal 567)
   defining Unicode char U+0400 (decimal 1024)
   defining Unicode char U+0401 (decimal 1025)
   defining Unicode char U+0402 (decimal 1026)
   defining Unicode char U+0403 (decimal 1027)
   defining Unicode char U+0404 (decimal 1028)
   defining Unicode char U+0405 (decimal 1029)
   defining Unicode char U+0406 (decimal 1030)
   defining Unicode char U+0407 (decimal 1031)
   defining Unicode char U+0408 (decimal 1032)
   defining Unicode char U+0409 (decimal 1033)
   defining Unicode char U+040A (decimal 1034)
   defining Unicode char U+040B (decimal 1035)
   defining Unicode char U+040C (decimal 1036)
   defining Unicode char U+040D (decimal 1037)
   defining Unicode char U+040E (decimal 1038)
   defining Unicode char U+040F (decimal 1039)
   defining Unicode char U+0410 (decimal 1040)
   defining Unicode char U+0411 (decimal 1041)
   defining Unicode char U+0412 (decimal 1042)
   defining Unicode char U+0413 (decimal 1043)
   defining Unicode char U+0414 (decimal 1044)
   defining Unicode char U+0415 (decimal 1045)
   defining Unicode char U+0416 (decimal 1046)
   defining Unicode char U+0417 (decimal 1047)
   defining Unicode char U+0418 (decimal 1048)
   defining Unicode char U+0419 (decimal 1049)
   defining Unicode char U+041A (decimal 1050)
   defining Unicode char U+041B (decimal 1051)
   defining Unicode char U+041C (decimal 1052)
   defining Unicode char U+041D (decimal 1053)
   defining Unicode char U+041E (decimal 1054)
   defining Unicode char U+041F (decimal 1055)
   defining Unicode char U+0420 (decimal 1056)
   defining Unicode char U+0421 (decimal 1057)
   defining Unicode char U+0422 (decimal 1058)
   defining Unicode char U+0423 (decimal 1059)
   defining Unicode char U+0424 (decimal 1060)
   defining Unicode char U+0425 (decimal 1061)
   defining Unicode char U+0426 (decimal 1062)
   defining Unicode char U+0427 (decimal 1063)
   defining Unicode char U+0428 (decimal 1064)
   defining Unicode char U+0429 (decimal 1065)
   defining Unicode char U+042A (decimal 1066)
   defining Unicode char U+042B (decimal 1067)
   defining Unicode char U+042C (decimal 1068)
   defining Unicode char U+042D (decimal 1069)
   defining Unicode char U+042E (decimal 1070)
   defining Unicode char U+042F (decimal 1071)
   defining Unicode char U+0430 (decimal 1072)
   defining Unicode char U+0431 (decimal 1073)
   defining Unicode char U+0432 (decimal 1074)
   defining Unicode char U+0433 (decimal 1075)
   defining Unicode char U+0434 (decimal 1076)
   defining Unicode char U+0435 (decimal 1077)
   defining Unicode char U+0436 (decimal 1078)
   defining Unicode char U+0437 (decimal 1079)
   defining Unicode char U+0438 (decimal 1080)
   defining Unicode char U+0439 (decimal 1081)
   defining Unicode char U+043A (decimal 1082)
   defining Unicode char U+043B (decimal 1083)
   defining Unicode char U+043C (decimal 1084)
   defining Unicode char U+043D (decimal 1085)
   defining Unicode char U+043E (decimal 1086)
   defining Unicode char U+043F (decimal 1087)
   defining Unicode char U+0440 (decimal 1088)
   defining Unicode char U+0441 (decimal 1089)
   defining Unicode char U+0442 (decimal 1090)
   defining Unicode char U+0443 (decimal 1091)
   defining Unicode char U+0444 (decimal 1092)
   defining Unicode char U+0445 (decimal 1093)
   defining Unicode char U+0446 (decimal 1094)
   defining Unicode char U+0447 (decimal 1095)
   defining Unicode char U+0448 (decimal 1096)
   defining Unicode char U+0449 (decimal 1097)
   defining Unicode char U+044A (decimal 1098)
   defining Unicode char U+044B (decimal 1099)
   defining Unicode char U+044C (decimal 1100)
   defining Unicode char U+044D (decimal 1101)
   defining Unicode char U+044E (decimal 1102)
   defining Unicode char U+044F (decimal 1103)
   defining Unicode char U+0450 (decimal 1104)
   defining Unicode char U+0451 (decimal 1105)
   defining Unicode char U+0452 (decimal 1106)
   defining Unicode char U+0453 (decimal 1107)
   defining Unicode char U+0454 (decimal 1108)
   defining Unicode char U+0455 (decimal 1109)
   defining Unicode char U+0456 (decimal 1110)
   defining Unicode char U+0457 (decimal 1111)
   defining Unicode char U+0458 (decimal 1112)
   defining Unicode char U+0459 (decimal 1113)
   defining Unicode char U+045A (decimal 1114)
   defining Unicode char U+045B (decimal 1115)
   defining Unicode char U+045C (decimal 1116)
   defining Unicode char U+045D (decimal 1117)
   defining Unicode char U+045E (decimal 1118)
   defining Unicode char U+045F (decimal 1119)
   defining Unicode char U+0490 (decimal 1168)
   defining Unicode char U+0491 (decimal 1169)
   defining Unicode char U+0492 (decimal 1170)
   defining Unicode char U+0493 (decimal 1171)
   defining Unicode char U+0496 (decimal 1174)
   defining Unicode char U+0497 (decimal 1175)
   defining Unicode char U+0498 (decimal 1176)
   defining Unicode char U+0499 (decimal 1177)
   defining Unicode char U+049A (decimal 1178)
   defining Unicode char U+049B (decimal 1179)
   defining Unicode char U+049C (decimal 1180)
   defining Unicode char U+049D (decimal 1181)
   defining Unicode char U+04A0 (decimal 1184)
   defining Unicode char U+04A1 (decimal 1185)
   defining Unicode char U+04A2 (decimal 1186)
   defining Unicode char U+04A3 (decimal 1187)
   defining Unicode char U+04A4 (decimal 1188)
   defining Unicode char U+04A5 (decimal 1189)
   defining Unicode char U+04AA (decimal 1194)
   defining Unicode char U+04AB (decimal 1195)
   defining Unicode char U+04AE (decimal 1198)
   defining Unicode char U+04AF (decimal 1199)
   defining Unicode char U+04B0 (decimal 1200)
   defining Unicode char U+04B1 (decimal 1201)
   defining Unicode char U+04B2 (decimal 1202)
   defining Unicode char U+04B3 (decimal 1203)
   defining Unicode char U+04B6 (decimal 1206)
   defining Unicode char U+04B7 (decimal 1207)
   defining Unicode char U+04B8 (decimal 1208)
   defining Unicode char U+04B9 (decimal 1209)
   defining Unicode char U+04BA (decimal 1210)
   defining Unicode char U+04BB (decimal 1211)
   defining Unicode char U+04C0 (decimal 1216)
   defining Unicode char U+04C1 (decimal 1217)
   defining Unicode char U+04C2 (decimal 1218)
   defining Unicode char U+04D0 (decimal 1232)
   defining Unicode char U+04D1 (decimal 1233)
   defining Unicode char U+04D2 (decimal 1234)
   defining Unicode char U+04D3 (decimal 1235)
   defining Unicode char U+04D4 (decimal 1236)
   defining Unicode char U+04D5 (decimal 1237)
   defining Unicode char U+04D6 (decimal 1238)
   defining Unicode char U+04D7 (decimal 1239)
   defining Unicode char U+04D8 (decimal 1240)
   defining Unicode char U+04D9 (decimal 1241)
   defining Unicode char U+04DA (decimal 1242)
   defining Unicode char U+04DB (decimal 1243)
   defining Unicode char U+04DC (decimal 1244)
   defining Unicode char U+04DD (decimal 1245)
   defining Unicode char U+04DE (decimal 1246)
   defining Unicode char U+04DF (decimal 1247)
   defining Unicode char U+04E2 (decimal 1250)
   defining Unicode char U+04E3 (decimal 1251)
   defining Unicode char U+04E4 (decimal 1252)
   defining Unicode char U+04E5 (decimal 1253)
   defining Unicode char U+04E6 (decimal 1254)
   defining Unicode char U+04E7 (decimal 1255)
   defining Unicode char U+04E8 (decimal 1256)
   defining Unicode char U+04E9 (decimal 1257)
   defining Unicode char U+04EC (decimal 1260)
   defining Unicode char U+04ED (decimal 1261)
   defining Unicode char U+04EE (decimal 1262)
   defining Unicode char U+04EF (decimal 1263)
   defining Unicode char U+04F0 (decimal 1264)
   defining Unicode char U+04F1 (decimal 1265)
   defining Unicode char U+04F2 (decimal 1266)
   defining Unicode char U+04F3 (decimal 1267)
   defining Unicode char U+04F4 (decimal 1268)
   defining Unicode char U+04F5 (decimal 1269)
   defining Unicode char U+04F8 (decimal 1272)
   defining Unicode char U+04F9 (decimal 1273)
   defining Unicode char U+200C (decimal 8204)
   defining Unicode char U+2013 (decimal 8211)
   defining Unicode char U+2014 (decimal 8212)
   defining Unicode char U+2018 (decimal 8216)
   defining Unicode char U+2019 (decimal 8217)
   defining Unicode char U+201C (decimal 8220)
   defining Unicode char U+201D (decimal 8221)
   defining Unicode char U+201E (decimal 8222)
   defining Unicode char U+2030 (decimal 8240)
   defining Unicode char U+2031 (decimal 8241)
   defining Unicode char U+2116 (decimal 8470)
   defining Unicode char U+2329 (decimal 9001)
   defining Unicode char U+3008 (decimal 12296)
   defining Unicode char U+232A (decimal 9002)
   defining Unicode char U+3009 (decimal 12297)
   defining Unicode char U+2423 (decimal 9251)
   defining Unicode char U+27E8 (decimal 10216)
   defining Unicode char U+27E9 (decimal 10217)
   defining Unicode char U+FB00 (decimal 64256)
   defining Unicode char U+FB01 (decimal 64257)
   defining Unicode char U+FB02 (decimal 64258)
   defining Unicode char U+FB03 (decimal 64259)
   defining Unicode char U+FB04 (decimal 64260)
   defining Unicode char U+FB05 (decimal 64261)
   defining Unicode char U+FB06 (decimal 64262)
))
Package babel Info: Making " an active character on input line 124.
Package babel Info: Default for \cyrdash is provided on input line 163.
)) (c:/texlive/2025/texmf-dist/tex/latex/graphics/graphicx.sty
Package: graphicx 2024/12/31 v1.2e Enhanced LaTeX Graphics (DPC,SPQR)
 (c:/texlive/2025/texmf-dist/tex/latex/graphics/keyval.sty
Package: keyval 2022/05/29 v1.15 key=value parser (DPC)
\KV@toks@=\toks19
) (c:/texlive/2025/texmf-dist/tex/latex/graphics/graphics.sty
Package: graphics 2024/08/06 v1.4g Standard LaTeX Graphics (DPC,SPQR)
 (c:/texlive/2025/texmf-dist/tex/latex/graphics/trig.sty
Package: trig 2023/12/02 v1.11 sin cos tan (DPC)
) (c:/texlive/2025/texmf-dist/tex/latex/graphics-cfg/graphics.cfg
File: graphics.cfg 2016/06/04 v1.11 sample graphics configuration
)
Package graphics Info: Driver file: pdftex.def on input line 106.
 (c:/texlive/2025/texmf-dist/tex/latex/graphics-def/pdftex.def
File: pdftex.def 2025/09/29 v1.2d Graphics/color driver for pdftex
))
\Gin@req@height=\dimen150
\Gin@req@width=\dimen151
) (c:/texlive/2025/texmf-dist/tex/latex/amsmath/amsmath.sty
Package: amsmath 2025/07/09 v2.17z AMS math features
\@mathmargin=\skip51

For additional information on amsmath, use the `?' option.
(c:/texlive/2025/texmf-dist/tex/latex/amsmath/amstext.sty
Package: amstext 2024/11/17 v2.01 AMS text
 (c:/texlive/2025/texmf-dist/tex/latex/amsmath/amsgen.sty
File: amsgen.sty 1999/11/30 v2.0 generic functions
\@emptytoks=\toks20
\ex@=\dimen152
)) (c:/texlive/2025/texmf-dist/tex/latex/amsmath/amsbsy.sty
Package: amsbsy 1999/11/29 v1.2d Bold Symbols
\pmbraise@=\dimen153
) (c:/texlive/2025/texmf-dist/tex/latex/amsmath/amsopn.sty
Package: amsopn 2022/04/08 v2.04 operator names
)
\inf@bad=\count285
LaTeX Info: Redefining \frac on input line 233.
\uproot@=\count286
\leftroot@=\count287
LaTeX Info: Redefining \overline on input line 398.
LaTeX Info: Redefining \colon on input line 409.
\classnum@=\count288
\DOTSCASE@=\count289
LaTeX Info: Redefining \ldots on input line 495.
LaTeX Info: Redefining \dots on input line 498.
LaTeX Info: Redefining \cdots on input line 619.
\Mathstrutbox@=\box53
\strutbox@=\box54
LaTeX Info: Redefining \big on input line 721.
LaTeX Info: Redefining \Big on input line 722.
LaTeX Info: Redefining \bigg on input line 723.
LaTeX Info: Redefining \Bigg on input line 724.
\big@size=\dimen154
LaTeX Font Info:    Redeclaring font encoding OML on input line 742.
LaTeX Font Info:    Redeclaring font encoding OMS on input line 743.
\macc@depth=\count290
LaTeX Info: Redefining \bmod on input line 904.
LaTeX Info: Redefining \pmod on input line 909.
LaTeX Info: Redefining \smash on input line 939.
LaTeX Info: Redefining \relbar on input line 969.
LaTeX Info: Redefining \Relbar on input line 970.
\c@MaxMatrixCols=\count291
\dotsspace@=\muskip17
\c@parentequation=\count292
\dspbrk@lvl=\count293
\tag@help=\toks21
\row@=\count294
\column@=\count295
\maxfields@=\count296
\andhelp@=\toks22
\eqnshift@=\dimen155
\alignsep@=\dimen156
\tagshift@=\dimen157
\tagwidth@=\dimen158
\totwidth@=\dimen159
\lineht@=\dimen160
\@envbody=\toks23
\multlinegap=\skip52
\multlinetaggap=\skip53
\mathdisplay@stack=\toks24
LaTeX Info: Redefining \[ on input line 2950.
LaTeX Info: Redefining \] on input line 2951.
) (c:/texlive/2025/texmf-dist/tex/latex/float/float.sty
Package: float 2001/11/08 v1.3d Float enhancements (AL)
\c@float@type=\count297
\float@exts=\toks25
\float@box=\box55
\@float@everytoks=\toks26
\@floatcapt=\box56
) (c:/texlive/2025/texmf-dist/tex/latex/hyperref/hyperref.sty
Package: hyperref 2025-07-12 v7.01o Hypertext links for LaTeX
 (c:/texlive/2025/texmf-dist/tex/generic/iftex/iftex.sty
Package: iftex 2024/12/12 v1.0g TeX engine tests
) (c:/texlive/2025/texmf-dist/tex/latex/kvsetkeys/kvsetkeys.sty
Package: kvsetkeys 2022-10-05 v1.19 Key value parser (HO)
) (c:/texlive/2025/texmf-dist/tex/generic/kvdefinekeys/kvdefinekeys.sty
Package: kvdefinekeys 2019-12-19 v1.6 Define keys (HO)
) (c:/texlive/2025/texmf-dist/tex/generic/pdfescape/pdfescape.sty
Package: pdfescape 2019/12/09 v1.15 Implements pdfTeX's escape features (HO)
 (c:/texlive/2025/texmf-dist/tex/generic/ltxcmds/ltxcmds.sty
Package: ltxcmds 2023-12-04 v1.26 LaTeX kernel commands for general use (HO)
) (c:/texlive/2025/texmf-dist/tex/generic/pdftexcmds/pdftexcmds.sty
Package: pdftexcmds 2020-06-27 v0.33 Utility functions of pdfTeX for LuaTeX (HO)
 (c:/texlive/2025/texmf-dist/tex/generic/infwarerr/infwarerr.sty
Package: infwarerr 2019/12/03 v1.5 Providing info/warning/error messages (HO)
)
Package pdftexcmds Info: \pdf@primitive is available.
Package pdftexcmds Info: \pdf@ifprimitive is available.
Package pdftexcmds Info: \pdfdraftmode found.
)) (c:/texlive/2025/texmf-dist/tex/latex/hycolor/hycolor.sty
Package: hycolor 2020-01-27 v1.10 Color options for hyperref/bookmark (HO)
) (c:/texlive/2025/texmf-dist/tex/latex/hyperref/nameref.sty
Package: nameref 2025-06-21 v2.57 Cross-referencing by name of section
 (c:/texlive/2025/texmf-dist/tex/latex/refcount/refcount.sty
Package: refcount 2019/12/15 v3.6 Data extraction from label references (HO)
) (c:/texlive/2025/texmf-dist/tex/generic/gettitlestring/gettitlestring.sty
Package: gettitlestring 2019/12/15 v1.6 Cleanup title references (HO)
 (c:/texlive/2025/texmf-dist/tex/latex/kvoptions/kvoptions.sty
Package: kvoptions 2022-06-15 v3.15 Key value format for package options (HO)
))
\c@section@level=\count298
) (c:/texlive/2025/texmf-dist/tex/latex/etoolbox/etoolbox.sty
Package: etoolbox 2025/10/02 v2.5m e-TeX tools for LaTeX (JAW)
\etb@tempcnta=\count299
) (c:/texlive/2025/texmf-dist/tex/generic/stringenc/stringenc.sty
Package: stringenc 2019/11/29 v1.12 Convert strings between diff. encodings (HO)
)
\@linkdim=\dimen161
\Hy@linkcounter=\count300
\Hy@pagecounter=\count301
 (c:/texlive/2025/texmf-dist/tex/latex/hyperref/pd1enc.def
File: pd1enc.def 2025-07-12 v7.01o Hyperref: PDFDocEncoding definition (HO)
Now handling font encoding PD1 ...
... no UTF-8 mapping file for font encoding PD1
) (c:/texlive/2025/texmf-dist/tex/generic/intcalc/intcalc.sty
Package: intcalc 2019/12/15 v1.3 Expandable calculations with integers (HO)
)
\Hy@SavedSpaceFactor=\count302
 (c:/texlive/2025/texmf-dist/tex/latex/hyperref/puenc.def
File: puenc.def 2025-07-12 v7.01o Hyperref: PDF Unicode definition (HO)
Now handling font encoding PU ...
... no UTF-8 mapping file for font encoding PU
)
Package hyperref Info: Option `unicode' set `true' on input line 3160.
Package hyperref Info: Hyper figures OFF on input line 4195.
Package hyperref Info: Link nesting OFF on input line 4200.
Package hyperref Info: Hyper index ON on input line 4203.
Package hyperref Info: Plain pages OFF on input line 4210.
Package hyperref Info: Backreferencing OFF on input line 4215.
Package hyperref Info: Implicit mode ON; LaTeX internals redefined.
Package hyperref Info: Bookmarks ON on input line 4462.
\c@Hy@tempcnt=\count303
 (c:/texlive/2025/texmf-dist/tex/latex/url/url.sty
\Urlmuskip=\muskip18
Package: url 2013/09/16  ver 3.4  Verb mode for urls, etc.
)
LaTeX Info: Redefining \url on input line 4801.
\XeTeXLinkMargin=\dimen162
 (c:/texlive/2025/texmf-dist/tex/generic/bitset/bitset.sty
Package: bitset 2019/12/09 v1.3 Handle bit-vector datatype (HO)
 (c:/texlive/2025/texmf-dist/tex/generic/bigintcalc/bigintcalc.sty
Package: bigintcalc 2019/12/15 v1.5 Expandable calculations on big integers (HO)
))
\Fld@menulength=\count304
\Field@Width=\dimen163
\Fld@charsize=\dimen164
Package hyperref Info: Hyper figures OFF on input line 6078.
Package hyperref Info: Link nesting OFF on input line 6083.
Package hyperref Info: Hyper index ON on input line 6086.
Package hyperref Info: backreferencing OFF on input line 6093.
Package hyperref Info: Link coloring OFF on input line 6098.
Package hyperref Info: Link coloring with OCG OFF on input line 6103.
Package hyperref Info: PDF/A mode OFF on input line 6108.
\Hy@abspage=\count305
\c@Item=\count306
\c@Hfootnote=\count307
)
Package hyperref Info: Driver (autodetected): hpdftex.
 (c:/texlive/2025/texmf-dist/tex/latex/hyperref/hpdftex.def
File: hpdftex.def 2025-07-12 v7.01o Hyperref driver for pdfTeX
\Fld@listcount=\count308
\c@bookmark@seq@number=\count309
 (c:/texlive/2025/texmf-dist/tex/latex/rerunfilecheck/rerunfilecheck.sty
Package: rerunfilecheck 2025-06-21 v1.11 Rerun checks for auxiliary files (HO)
 (c:/texlive/2025/texmf-dist/tex/generic/uniquecounter/uniquecounter.sty
Package: uniquecounter 2019/12/15 v1.4 Provide unlimited unique counter (HO)
)
Package uniquecounter Info: New unique counter `rerunfilecheck' on input line 284.
)
\Hy@SectionHShift=\skip54
) (c:/texlive/2025/texmf-dist/tex/latex/amsfonts/amssymb.sty
Package: amssymb 2013/01/14 v3.01 AMS font symbols
 (c:/texlive/2025/texmf-dist/tex/latex/amsfonts/amsfonts.sty
Package: amsfonts 2013/01/14 v3.01 Basic AMSFonts support
\symAMSa=\mathgroup4
\symAMSb=\mathgroup5
LaTeX Font Info:    Redeclaring math symbol \hbar on input line 98.
LaTeX Font Info:    Overwriting math alphabet `\mathfrak' in version `bold'
(Font)                  U/euf/m/n --> U/euf/b/n on input line 106.
)) (c:/texlive/2025/texmf-dist/tex/latex/bbm-macros/bbm.sty
Package: bbm 1999/03/15 V 1.2 provides fonts for set symbols - TH
LaTeX Font Info:    Overwriting math alphabet `\mathbbm' in version `bold'
(Font)                  U/bbm/m/n --> U/bbm/bx/n on input line 33.
LaTeX Font Info:    Overwriting math alphabet `\mathbbmss' in version `bold'
(Font)                  U/bbmss/m/n --> U/bbmss/bx/n on input line 35.
) (c:/texlive/2025/texmf-dist/tex/latex/amscls/amsthm.sty
Package: amsthm 2020/05/29 v2.20.6
\thm@style=\toks27
\thm@bodyfont=\toks28
\thm@headfont=\toks29
\thm@notefont=\toks30
\thm@headpunct=\toks31
\thm@preskip=\skip55
\thm@postskip=\skip56
\thm@headsep=\skip57
\dth@everypar=\toks32
) (c:/texlive/2025/texmf-dist/tex/latex/tools/indentfirst.sty
Package: indentfirst 2023/07/02 v1.03 Indent first paragraph (DPC)
) (c:/texlive/2025/texmf-dist/tex/latex/comment/comment.sty
\CommentStream=\write3
 Excluding comment 'comment') (c:/texlive/2025/texmf-dist/tex/latex/caption/subcaption.sty
Package: subcaption 2023/07/28 v1.6b Sub-captions (AR)
 (c:/texlive/2025/texmf-dist/tex/latex/caption/caption.sty
Package: caption 2023/08/05 v3.6o Customizing captions (AR)
 (c:/texlive/2025/texmf-dist/tex/latex/caption/caption3.sty
Package: caption3 2023/07/31 v2.4d caption3 kernel (AR)
\caption@tempdima=\dimen165
\captionmargin=\dimen166
\caption@leftmargin=\dimen167
\caption@rightmargin=\dimen168
\caption@width=\dimen169
\caption@indent=\dimen170
\caption@parindent=\dimen171
\caption@hangindent=\dimen172
Package caption Info: Standard document class detected.
)
\c@caption@flags=\count310
\c@continuedfloat=\count311
Package caption Info: float package is loaded.
Package caption Info: hyperref package is loaded.
)
Package caption Info: New subtype `subfigure' on input line 238.
\c@subfigure=\count312
Package caption Info: New subtype `subtable' on input line 238.
\c@subtable=\count313
) (c:/texlive/2025/texmf-dist/tex/latex/esdiff/esdiff.sty
Package: esdiff 
)
\c@theorem=\count314
\c@statement=\count315
\c@definition=\count316
 (c:/texlive/2025/texmf-dist/tex/latex/l3backend/l3backend-pdftex.def
File: l3backend-pdftex.def 2025-10-09 L3 backend support: PDF output (pdfTeX)
\l__color_backend_stack_int=\count317
) (./main.aux
LaTeX Font Info:    Trying to load font information for T2A+cmr on input line 8.
 (c:/texlive/2025/texmf-dist/tex/latex/cyrillic/t2acmr.fd
File: t2acmr.fd 2001/08/11 v1.0a Computer Modern Cyrillic font definitions
)
Package babel Info: 'russian' activates 'russian' shorthands.
(babel)             Reported on input line 8.
)
\openout1 = `main.aux'.

LaTeX Font Info:    Checking defaults for OML/cmm/m/it on input line 44.
LaTeX Font Info:    ... okay on input line 44.
LaTeX Font Info:    Checking defaults for OMS/cmsy/m/n on input line 44.
LaTeX Font Info:    ... okay on input line 44.
LaTeX Font Info:    Checking defaults for OT1/cmr/m/n on input line 44.
LaTeX Font Info:    ... okay on input line 44.
LaTeX Font Info:    Checking defaults for T1/cmr/m/n on input line 44.
LaTeX Font Info:    ... okay on input line 44.
LaTeX Font Info:    Checking defaults for TS1/cmr/m/n on input line 44.
LaTeX Font Info:    ... okay on input line 44.
LaTeX Font Info:    Checking defaults for OMX/cmex/m/n on input line 44.
LaTeX Font Info:    ... okay on input line 44.
LaTeX Font Info:    Checking defaults for U/cmr/m/n on input line 44.
LaTeX Font Info:    ... okay on input line 44.
LaTeX Font Info:    Checking defaults for T2A/cmr/m/n on input line 44.
LaTeX Font Info:    ... okay on input line 44.
LaTeX Font Info:    Checking defaults for PD1/pdf/m/n on input line 44.
LaTeX Font Info:    ... okay on input line 44.
LaTeX Font Info:    Checking defaults for PU/pdf/m/n on input line 44.
LaTeX Font Info:    ... okay on input line 44.
LaTeX Info: Redefining \th on input line 44.
 (c:/texlive/2025/texmf-dist/tex/context/base/mkii/supp-pdf.mkii
[Loading MPS to PDF converter (version 2006.09.02).]
\scratchcounter=\count318
\scratchdimen=\dimen173
\scratchbox=\box57
\nofMPsegments=\count319
\nofMParguments=\count320
\everyMPshowfont=\toks33
\MPscratchCnt=\count321
\MPscratchDim=\dimen174
\MPnumerator=\count322
\makeMPintoPDFobject=\count323
\everyMPtoPDFconversion=\toks34
) (c:/texlive/2025/texmf-dist/tex/latex/epstopdf-pkg/epstopdf-base.sty
Package: epstopdf-base 2020-01-24 v2.11 Base part for package epstopdf
 (c:/texlive/2025/texmf-dist/tex/latex/grfext/grfext.sty
Package: grfext 2019/12/03 v1.3 Manage graphics extensions (HO)
)
Package epstopdf-base Info: Redefining graphics rule for `.eps' on input line 485.
Package grfext Info: Graphics extension search list:
(grfext)             [.pdf,.png,.jpg,.mps,.jpeg,.jbig2,.jb2,.PDF,.PNG,.JPG,.JPEG,.JBIG2,.JB2,.eps]
(grfext)             \AppendGraphicsExtensions on input line 504.
 (c:/texlive/2025/texmf-dist/tex/latex/latexconfig/epstopdf-sys.cfg
File: epstopdf-sys.cfg 2010/07/13 v1.3 Configuration of (r)epstopdf for TeX Live
))
Package hyperref Info: Link coloring OFF on input line 44.
 (./main.out) (./main.out)
\@outlinefile=\write4
\openout4 = `main.out'.

Package caption Info: Begin \AtBeginDocument code.
Package caption Info: End \AtBeginDocument code.
Package epstopdf Info: Source file: <data/msu.eps>
(epstopdf)                    date: 2025-12-15 14:38:30
(epstopdf)                    size: 29500 bytes
(epstopdf)             Output file: <data/msu-eps-converted-to.pdf>
(epstopdf)                    date: 2025-12-15 14:38:44
(epstopdf)                    size: 4686 bytes
(epstopdf)             Command: <repstopdf --outfile=data/msu-eps-converted-to.pdf data/msu.eps>
(epstopdf)             \includegraphics on input line 51.
Package epstopdf Info: Output file is already uptodate.
<data/msu-eps-converted-to.pdf, id=369, 187.70125pt x 101.37875pt>
File: data/msu-eps-converted-to.pdf Graphic file (type pdf)
<use data/msu-eps-converted-to.pdf>
Package pdftex.def Info: data/msu-eps-converted-to.pdf  used on input line 51.
(pdftex.def)             Requested size: 212.29312pt x 114.66801pt.
 [1

{c:/texlive/2025/texmf-var/fonts/map/pdftex/updmap/pdftex.map}{c:/texlive/2025/texmf-dist/fonts/enc/dvips/cm-super/cm-super-t2a.enc} <./data/msu-eps-converted-to.pdf>]
LaTeX Font Info:    Trying to load font information for U+msa on input line 89.
 (c:/texlive/2025/texmf-dist/tex/latex/amsfonts/umsa.fd
File: umsa.fd 2013/01/14 v3.01 AMS symbols A
)
LaTeX Font Info:    Trying to load font information for U+msb on input line 89.
 (c:/texlive/2025/texmf-dist/tex/latex/amsfonts/umsb.fd
File: umsb.fd 2013/01/14 v3.01 AMS symbols B
)
Overfull \hbox (3.79414pt too wide) in paragraph at lines 110--111
[]\T2A/cmr/m/n/10 Воспроизводимость. Од-но-род-ные ис-пы-та-ния про-во-дят-ся в сход-ных (не обя-за-тель-но иден-
 []

[2{c:/texlive/2025/texmf-dist/fonts/enc/dvips/cm-super/cm-super-ts1.enc}]
Package epstopdf Info: Source file: <data/ex1/bin.eps>
(epstopdf)                    date: 2025-12-13 21:28:44
(epstopdf)                    size: 35547 bytes
(epstopdf)             Output file: <data/ex1/bin-eps-converted-to.pdf>
(epstopdf)                    date: 2025-12-15 14:44:26
(epstopdf)                    size: 18628 bytes
(epstopdf)             Command: <repstopdf --outfile=data/ex1/bin-eps-converted-to.pdf data/ex1/bin.eps>
(epstopdf)             \includegraphics on input line 167.
Package epstopdf Info: Output file is already uptodate.
<data/ex1/bin-eps-converted-to.pdf, id=405, 867.24pt x 433.62pt>
File: data/ex1/bin-eps-converted-to.pdf Graphic file (type pdf)
<use data/ex1/bin-eps-converted-to.pdf>
Package pdftex.def Info: data/ex1/bin-eps-converted-to.pdf  used on input line 167.
(pdftex.def)             Requested size: 424.58624pt x 212.29701pt.
Package epstopdf Info: Source file: <data/ex1/geom.eps>
(epstopdf)                    date: 2025-12-13 21:28:44
(epstopdf)                    size: 35677 bytes
(epstopdf)             Output file: <data/ex1/geom-eps-converted-to.pdf>
(epstopdf)                    date: 2025-12-15 14:44:27
(epstopdf)                    size: 19413 bytes
(epstopdf)             Command: <repstopdf --outfile=data/ex1/geom-eps-converted-to.pdf data/ex1/geom.eps>
(epstopdf)             \includegraphics on input line 176.
Package epstopdf Info: Output file is already uptodate.
<data/ex1/geom-eps-converted-to.pdf, id=406, 867.24pt x 433.62pt>
File: data/ex1/geom-eps-converted-to.pdf Graphic file (type pdf)
<use data/ex1/geom-eps-converted-to.pdf>
Package pdftex.def Info: data/ex1/geom-eps-converted-to.pdf  used on input line 176.
(pdftex.def)             Requested size: 424.58624pt x 212.29701pt.
 [3 <./data/ex1/bin-eps-converted-to.pdf>]
Package epstopdf Info: Source file: <data/ex1/or1.eps>
(epstopdf)                    date: 2025-12-15 15:27:01
(epstopdf)                    size: 26107 bytes
(epstopdf)             Output file: <data/ex1/or1-eps-converted-to.pdf>
(epstopdf)                    date: 2025-12-15 15:29:43
(epstopdf)                    size: 9717 bytes
(epstopdf)             Command: <repstopdf --outfile=data/ex1/or1-eps-converted-to.pdf data/ex1/or1.eps>
(epstopdf)             \includegraphics on input line 185.
Package epstopdf Info: Output file is already uptodate.
<data/ex1/or1-eps-converted-to.pdf, id=462, 463.7325pt x 347.2975pt>
File: data/ex1/or1-eps-converted-to.pdf Graphic file (type pdf)
<use data/ex1/or1-eps-converted-to.pdf>
Package pdftex.def Info: data/ex1/or1-eps-converted-to.pdf  used on input line 185.
(pdftex.def)             Requested size: 424.58624pt x 317.98607pt.
 [4 <./data/ex1/geom-eps-converted-to.pdf>]
Package epstopdf Info: Source file: <data/ex1/or2.eps>
(epstopdf)                    date: 2025-12-12 23:12:23
(epstopdf)                    size: 30522 bytes
(epstopdf)             Output file: <data/ex1/or2-eps-converted-to.pdf>
(epstopdf)                    date: 2025-12-15 14:35:57
(epstopdf)                    size: 12164 bytes
(epstopdf)             Command: <repstopdf --outfile=data/ex1/or2-eps-converted-to.pdf data/ex1/or2.eps>
(epstopdf)             \includegraphics on input line 193.
Package epstopdf Info: Output file is already uptodate.
<data/ex1/or2-eps-converted-to.pdf, id=516, 463.7325pt x 347.2975pt>
File: data/ex1/or2-eps-converted-to.pdf Graphic file (type pdf)
<use data/ex1/or2-eps-converted-to.pdf>
Package pdftex.def Info: data/ex1/or2-eps-converted-to.pdf  used on input line 193.
(pdftex.def)             Requested size: 424.58624pt x 317.98607pt.
 [5 <./data/ex1/or1-eps-converted-to.pdf>] [6 <./data/ex1/or2-eps-converted-to.pdf>]
Package epstopdf Info: Source file: <data/ex2/true_cantor.eps>
(epstopdf)                    date: 2025-12-13 00:11:52
(epstopdf)                    size: 20763 bytes
(epstopdf)             Output file: <data/ex2/true_cantor-eps-converted-to.pdf>
(epstopdf)                    date: 2025-12-15 14:35:59
(epstopdf)                    size: 10882 bytes
(epstopdf)             Command: <repstopdf --outfile=data/ex2/true_cantor-eps-converted-to.pdf data/ex2/true_cantor.eps>
(epstopdf)             \includegraphics on input line 238.
Package epstopdf Info: Output file is already uptodate.
<data/ex2/true_cantor-eps-converted-to.pdf, id=577, 463.7325pt x 347.2975pt>
File: data/ex2/true_cantor-eps-converted-to.pdf Graphic file (type pdf)
<use data/ex2/true_cantor-eps-converted-to.pdf>
Package pdftex.def Info: data/ex2/true_cantor-eps-converted-to.pdf  used on input line 238.
(pdftex.def)             Requested size: 212.29312pt x 158.99037pt.
Package epstopdf Info: Source file: <data/ex2/empirical_cantor.eps>
(epstopdf)                    date: 2025-12-13 00:11:54
(epstopdf)                    size: 21544 bytes
(epstopdf)             Output file: <data/ex2/empirical_cantor-eps-converted-to.pdf>
(epstopdf)                    date: 2025-12-15 14:36:00
(epstopdf)                    size: 11432 bytes
(epstopdf)             Command: <repstopdf --outfile=data/ex2/empirical_cantor-eps-converted-to.pdf data/ex2/empirical_cantor.eps>
(epstopdf)             \includegraphics on input line 239.
Package epstopdf Info: Output file is already uptodate.
<data/ex2/empirical_cantor-eps-converted-to.pdf, id=578, 463.7325pt x 347.2975pt>
File: data/ex2/empirical_cantor-eps-converted-to.pdf Graphic file (type pdf)
<use data/ex2/empirical_cantor-eps-converted-to.pdf>
Package pdftex.def Info: data/ex2/empirical_cantor-eps-converted-to.pdf  used on input line 239.
(pdftex.def)             Requested size: 212.29312pt x 158.99037pt.

Overfull \hbox (2.22168pt too wide) in paragraph at lines 238--241
[][] []
 []

[7]
Package epstopdf Info: Source file: <data/ex2/ME.eps>
(epstopdf)                    date: 2025-12-13 21:29:38
(epstopdf)                    size: 20759 bytes
(epstopdf)             Output file: <data/ex2/ME-eps-converted-to.pdf>
(epstopdf)                    date: 2025-12-15 14:36:01
(epstopdf)                    size: 11212 bytes
(epstopdf)             Command: <repstopdf --outfile=data/ex2/ME-eps-converted-to.pdf data/ex2/ME.eps>
(epstopdf)             \includegraphics on input line 259.
Package epstopdf Info: Output file is already uptodate.
<data/ex2/ME-eps-converted-to.pdf, id=584, 463.7325pt x 347.2975pt>
File: data/ex2/ME-eps-converted-to.pdf Graphic file (type pdf)
<use data/ex2/ME-eps-converted-to.pdf>
Package pdftex.def Info: data/ex2/ME-eps-converted-to.pdf  used on input line 259.
(pdftex.def)             Requested size: 212.29312pt x 158.99037pt.
Package epstopdf Info: Source file: <data/ex2/disp.eps>
(epstopdf)                    date: 2025-12-13 21:29:39
(epstopdf)                    size: 20856 bytes
(epstopdf)             Output file: <data/ex2/disp-eps-converted-to.pdf>
(epstopdf)                    date: 2025-12-15 14:36:03
(epstopdf)                    size: 11322 bytes
(epstopdf)             Command: <repstopdf --outfile=data/ex2/disp-eps-converted-to.pdf data/ex2/disp.eps>
(epstopdf)             \includegraphics on input line 260.
Package epstopdf Info: Output file is already uptodate.
<data/ex2/disp-eps-converted-to.pdf, id=585, 463.7325pt x 347.2975pt>
File: data/ex2/disp-eps-converted-to.pdf Graphic file (type pdf)
<use data/ex2/disp-eps-converted-to.pdf>
Package pdftex.def Info: data/ex2/disp-eps-converted-to.pdf  used on input line 260.
(pdftex.def)             Requested size: 212.29312pt x 158.99037pt.

Overfull \hbox (2.22168pt too wide) in paragraph at lines 259--261
[][] [] 
 []

[8 <./data/ex2/true_cantor-eps-converted-to.pdf> <./data/ex2/empirical_cantor-eps-converted-to.pdf>]
Overfull \hbox (26.19498pt too wide) in paragraph at lines 273--276
\T2A/cmr/m/n/10 ны с па-ра-мет-ра-ми $\OML/cmm/m/it/10 ^^U[]; [] ; ^^U[]$\T2A/cmr/m/n/10 . Най-ти рас-пре-де-ле-ние слу-чай-ной ве-ли-чи-ны $\OML/cmm/m/it/10 Y \OT1/cmr/m/n/10 = [](\OML/cmm/m/it/10 X[]; [] ; X[]\OT1/cmr/m/n/10 )$\T2A/cmr/m/n/10 . 
 []


Overfull \hbox (0.59384pt too wide) in paragraph at lines 278--280
\T2A/cmr/m/n/10 слу-чай-ных ве-ли-чин па-ра-ми с пе-ре-хо-дом в по-ляр-ные ко-ор-ди-на-ты (пре-об-ра-зо-ва-ние Бокса-
 []

[9 <./data/ex2/ME-eps-converted-to.pdf> <./data/ex2/disp-eps-converted-to.pdf>] [10]
Package epstopdf Info: Source file: <data/ex3/exp.eps>
(epstopdf)                    date: 2025-12-13 21:35:45
(epstopdf)                    size: 39055 bytes
(epstopdf)             Output file: <data/ex3/exp-eps-converted-to.pdf>
(epstopdf)                    date: 2025-12-15 14:36:04
(epstopdf)                    size: 16779 bytes
(epstopdf)             Command: <repstopdf --outfile=data/ex3/exp-eps-converted-to.pdf data/ex3/exp.eps>
(epstopdf)             \includegraphics on input line 332.
Package epstopdf Info: Output file is already uptodate.
<data/ex3/exp-eps-converted-to.pdf, id=720, 867.24pt x 433.62pt>
File: data/ex3/exp-eps-converted-to.pdf Graphic file (type pdf)
<use data/ex3/exp-eps-converted-to.pdf>
Package pdftex.def Info: data/ex3/exp-eps-converted-to.pdf  used on input line 332.
(pdftex.def)             Requested size: 424.58624pt x 212.29701pt.
Package epstopdf Info: Source file: <data/ex3/pois_exp.eps>
(epstopdf)                    date: 2025-12-13 21:37:22
(epstopdf)                    size: 30952 bytes
(epstopdf)             Output file: <data/ex3/pois_exp-eps-converted-to.pdf>
(epstopdf)                    date: 2025-12-15 14:36:06
(epstopdf)                    size: 17199 bytes
(epstopdf)             Command: <repstopdf --outfile=data/ex3/pois_exp-eps-converted-to.pdf data/ex3/pois_exp.eps>
(epstopdf)             \includegraphics on input line 336.
Package epstopdf Info: Output file is already uptodate.
<data/ex3/pois_exp-eps-converted-to.pdf, id=721, 867.24pt x 433.62pt>
File: data/ex3/pois_exp-eps-converted-to.pdf Graphic file (type pdf)
<use data/ex3/pois_exp-eps-converted-to.pdf>
Package pdftex.def Info: data/ex3/pois_exp-eps-converted-to.pdf  used on input line 336.
(pdftex.def)             Requested size: 424.58624pt x 212.29701pt.
Package epstopdf Info: Source file: <data/ex3/pois_bin.eps>
(epstopdf)                    date: 2025-12-13 21:38:09
(epstopdf)                    size: 30948 bytes
(epstopdf)             Output file: <data/ex3/pois_bin-eps-converted-to.pdf>
(epstopdf)                    date: 2025-12-15 14:36:07
(epstopdf)                    size: 17199 bytes
(epstopdf)             Command: <repstopdf --outfile=data/ex3/pois_bin-eps-converted-to.pdf data/ex3/pois_bin.eps>
(epstopdf)             \includegraphics on input line 340.
Package epstopdf Info: Output file is already uptodate.
<data/ex3/pois_bin-eps-converted-to.pdf, id=722, 867.24pt x 433.62pt>
File: data/ex3/pois_bin-eps-converted-to.pdf Graphic file (type pdf)
<use data/ex3/pois_bin-eps-converted-to.pdf>
Package pdftex.def Info: data/ex3/pois_bin-eps-converted-to.pdf  used on input line 340.
(pdftex.def)             Requested size: 424.58624pt x 212.29701pt.
 [11 <./data/ex3/exp-eps-converted-to.pdf>]
Package epstopdf Info: Source file: <data/ex3/stand_norm.eps>
(epstopdf)                    date: 2025-12-13 21:39:59
(epstopdf)                    size: 37966 bytes
(epstopdf)             Output file: <data/ex3/stand_norm-eps-converted-to.pdf>
(epstopdf)                    date: 2025-12-15 14:36:08
(epstopdf)                    size: 16797 bytes
(epstopdf)             Command: <repstopdf --outfile=data/ex3/stand_norm-eps-converted-to.pdf data/ex3/stand_norm.eps>
(epstopdf)             \includegraphics on input line 345.
Package epstopdf Info: Output file is already uptodate.
<data/ex3/stand_norm-eps-converted-to.pdf, id=771, 867.24pt x 433.62pt>
File: data/ex3/stand_norm-eps-converted-to.pdf Graphic file (type pdf)
<use data/ex3/stand_norm-eps-converted-to.pdf>
Package pdftex.def Info: data/ex3/stand_norm-eps-converted-to.pdf  used on input line 345.
(pdftex.def)             Requested size: 424.58624pt x 212.29701pt.
 [12 <./data/ex3/pois_exp-eps-converted-to.pdf> <./data/ex3/pois_bin-eps-converted-to.pdf>] [13 <./data/ex3/stand_norm-eps-converted-to.pdf>]
Package epstopdf Info: Source file: <data/ex4/cauchy_norm.eps>
(epstopdf)                    date: 2025-12-15 15:31:07
(epstopdf)                    size: 26562 bytes
(epstopdf)             Output file: <data/ex4/cauchy_norm-eps-converted-to.pdf>
(epstopdf)                    date: 2025-12-15 15:31:19
(epstopdf)                    size: 13174 bytes
(epstopdf)             Command: <repstopdf --outfile=data/ex4/cauchy_norm-eps-converted-to.pdf data/ex4/cauchy_norm.eps>
(epstopdf)             \includegraphics on input line 385.
Package epstopdf Info: Output file is already uptodate.
<data/ex4/cauchy_norm-eps-converted-to.pdf, id=918, 463.7325pt x 347.2975pt>
File: data/ex4/cauchy_norm-eps-converted-to.pdf Graphic file (type pdf)
<use data/ex4/cauchy_norm-eps-converted-to.pdf>
Package pdftex.def Info: data/ex4/cauchy_norm-eps-converted-to.pdf  used on input line 385.
(pdftex.def)             Requested size: 424.58624pt x 317.98607pt.
 [14 <./data/ex4/cauchy_norm-eps-converted-to.pdf>]
Package epstopdf Info: Source file: <data/ex4/cauchy.eps>
(epstopdf)                    date: 2025-12-13 22:03:26
(epstopdf)                    size: 55199 bytes
(epstopdf)             Output file: <data/ex4/cauchy-eps-converted-to.pdf>
(epstopdf)                    date: 2025-12-15 14:36:11
(epstopdf)                    size: 16741 bytes
(epstopdf)             Command: <repstopdf --outfile=data/ex4/cauchy-eps-converted-to.pdf data/ex4/cauchy.eps>
(epstopdf)             \includegraphics on input line 412.
Package epstopdf Info: Output file is already uptodate.
<data/ex4/cauchy-eps-converted-to.pdf, id=958, 867.24pt x 433.62pt>
File: data/ex4/cauchy-eps-converted-to.pdf Graphic file (type pdf)
<use data/ex4/cauchy-eps-converted-to.pdf>
Package pdftex.def Info: data/ex4/cauchy-eps-converted-to.pdf  used on input line 412.
(pdftex.def)             Requested size: 424.58624pt x 212.29701pt.
Package epstopdf Info: Source file: <data/ex4/norm.eps>
(epstopdf)                    date: 2025-12-13 22:08:33
(epstopdf)                    size: 37970 bytes
(epstopdf)             Output file: <data/ex4/norm-eps-converted-to.pdf>
(epstopdf)                    date: 2025-12-15 14:36:12
(epstopdf)                    size: 16770 bytes
(epstopdf)             Command: <repstopdf --outfile=data/ex4/norm-eps-converted-to.pdf data/ex4/norm.eps>
(epstopdf)             \includegraphics on input line 418.
Package epstopdf Info: Output file is already uptodate.
<data/ex4/norm-eps-converted-to.pdf, id=959, 867.24pt x 433.62pt>
File: data/ex4/norm-eps-converted-to.pdf Graphic file (type pdf)
<use data/ex4/norm-eps-converted-to.pdf>
Package pdftex.def Info: data/ex4/norm-eps-converted-to.pdf  used on input line 418.
(pdftex.def)             Requested size: 424.58624pt x 212.29701pt.
 [15 <./data/ex4/cauchy-eps-converted-to.pdf>]
Package epstopdf Info: Source file: <data/ex4/npp.eps>
(epstopdf)                    date: 2025-12-13 22:14:39
(epstopdf)                    size: 217145 bytes
(epstopdf)             Output file: <data/ex4/npp-eps-converted-to.pdf>
(epstopdf)                    date: 2025-12-15 14:36:14
(epstopdf)                    size: 1222293 bytes
(epstopdf)             Command: <repstopdf --outfile=data/ex4/npp-eps-converted-to.pdf data/ex4/npp.eps>
(epstopdf)             \includegraphics on input line 424.
Package epstopdf Info: Output file is already uptodate.
<data/ex4/npp-eps-converted-to.pdf, id=1009, 463.7325pt x 347.2975pt>
File: data/ex4/npp-eps-converted-to.pdf Graphic file (type pdf)
<use data/ex4/npp-eps-converted-to.pdf>
Package pdftex.def Info: data/ex4/npp-eps-converted-to.pdf  used on input line 424.
(pdftex.def)             Requested size: 424.58624pt x 317.98607pt.
 [16 <./data/ex4/norm-eps-converted-to.pdf>]
Package epstopdf Info: Source file: <data/ex4/comp.eps>
(epstopdf)                    date: 2025-12-13 22:10:53
(epstopdf)                    size: 52073 bytes
(epstopdf)             Output file: <data/ex4/comp-eps-converted-to.pdf>
(epstopdf)                    date: 2025-12-15 14:36:15
(epstopdf)                    size: 19742 bytes
(epstopdf)             Command: <repstopdf --outfile=data/ex4/comp-eps-converted-to.pdf data/ex4/comp.eps>
(epstopdf)             \includegraphics on input line 432.
Package epstopdf Info: Output file is already uptodate.
<data/ex4/comp-eps-converted-to.pdf, id=1060, 463.7325pt x 347.2975pt>
File: data/ex4/comp-eps-converted-to.pdf Graphic file (type pdf)
<use data/ex4/comp-eps-converted-to.pdf>
Package pdftex.def Info: data/ex4/comp-eps-converted-to.pdf  used on input line 432.
(pdftex.def)             Requested size: 424.58624pt x 317.98607pt.
 [17 <./data/ex4/npp-eps-converted-to.pdf>] [18 <./data/ex4/comp-eps-converted-to.pdf>]
Package epstopdf Info: Source file: <data/ex5/Cauchy_M.eps>
(epstopdf)                    date: 2025-12-14 15:33:42
(epstopdf)                    size: 29241 bytes
(epstopdf)             Output file: <data/ex5/Cauchy_M-eps-converted-to.pdf>
(epstopdf)                    date: 2025-12-15 14:44:29
(epstopdf)                    size: 10145 bytes
(epstopdf)             Command: <repstopdf --outfile=data/ex5/Cauchy_M-eps-converted-to.pdf data/ex5/Cauchy_M.eps>
(epstopdf)             \includegraphics on input line 501.
Package epstopdf Info: Output file is already uptodate.
<data/ex5/Cauchy_M-eps-converted-to.pdf, id=1167, 463.7325pt x 347.2975pt>
File: data/ex5/Cauchy_M-eps-converted-to.pdf Graphic file (type pdf)
<use data/ex5/Cauchy_M-eps-converted-to.pdf>
Package pdftex.def Info: data/ex5/Cauchy_M-eps-converted-to.pdf  used on input line 501.
(pdftex.def)             Requested size: 424.58624pt x 317.98607pt.
 [19]
Package epstopdf Info: Source file: <data/ex5/zbch.eps>
(epstopdf)                    date: 2025-12-14 15:30:20
(epstopdf)                    size: 33676 bytes
(epstopdf)             Output file: <data/ex5/zbch-eps-converted-to.pdf>
(epstopdf)                    date: 2025-12-15 14:36:17
(epstopdf)                    size: 12613 bytes
(epstopdf)             Command: <repstopdf --outfile=data/ex5/zbch-eps-converted-to.pdf data/ex5/zbch.eps>
(epstopdf)             \includegraphics on input line 519.
Package epstopdf Info: Output file is already uptodate.
<data/ex5/zbch-eps-converted-to.pdf, id=1174, 463.7325pt x 347.2975pt>
File: data/ex5/zbch-eps-converted-to.pdf Graphic file (type pdf)
<use data/ex5/zbch-eps-converted-to.pdf>
Package pdftex.def Info: data/ex5/zbch-eps-converted-to.pdf  used on input line 519.
(pdftex.def)             Requested size: 424.58624pt x 317.98607pt.
 [20 <./data/ex5/Cauchy_M-eps-converted-to.pdf>]
Package epstopdf Info: Source file: <data/ex5/cpt.eps>
(epstopdf)                    date: 2025-12-14 15:30:38
(epstopdf)                    size: 26958 bytes
(epstopdf)             Output file: <data/ex5/cpt-eps-converted-to.pdf>
(epstopdf)                    date: 2025-12-15 14:36:18
(epstopdf)                    size: 10985 bytes
(epstopdf)             Command: <repstopdf --outfile=data/ex5/cpt-eps-converted-to.pdf data/ex5/cpt.eps>
(epstopdf)             \includegraphics on input line 524.
Package epstopdf Info: Output file is already uptodate.
<data/ex5/cpt-eps-converted-to.pdf, id=1206, 463.7325pt x 347.2975pt>
File: data/ex5/cpt-eps-converted-to.pdf Graphic file (type pdf)
<use data/ex5/cpt-eps-converted-to.pdf>
Package pdftex.def Info: data/ex5/cpt-eps-converted-to.pdf  used on input line 524.
(pdftex.def)             Requested size: 424.58624pt x 317.98607pt.
 [21 <./data/ex5/zbch-eps-converted-to.pdf>]
Package epstopdf Info: Source file: <data/ex5/MO_CI.eps>
(epstopdf)                    date: 2025-12-14 15:31:54
(epstopdf)                    size: 34767 bytes
(epstopdf)             Output file: <data/ex5/MO_CI-eps-converted-to.pdf>
(epstopdf)                    date: 2025-12-15 14:36:19
(epstopdf)                    size: 16299 bytes
(epstopdf)             Command: <repstopdf --outfile=data/ex5/MO_CI-eps-converted-to.pdf data/ex5/MO_CI.eps>
(epstopdf)             \includegraphics on input line 533.
Package epstopdf Info: Output file is already uptodate.
<data/ex5/MO_CI-eps-converted-to.pdf, id=1231, 463.7325pt x 347.2975pt>
File: data/ex5/MO_CI-eps-converted-to.pdf Graphic file (type pdf)
<use data/ex5/MO_CI-eps-converted-to.pdf>
Package pdftex.def Info: data/ex5/MO_CI-eps-converted-to.pdf  used on input line 533.
(pdftex.def)             Requested size: 424.58624pt x 317.98607pt.
Package epstopdf Info: Source file: <data/ex5/disp_CI.eps>
(epstopdf)                    date: 2025-12-14 15:32:16
(epstopdf)                    size: 36030 bytes
(epstopdf)             Output file: <data/ex5/disp_CI-eps-converted-to.pdf>
(epstopdf)                    date: 2025-12-15 14:36:21
(epstopdf)                    size: 16163 bytes
(epstopdf)             Command: <repstopdf --outfile=data/ex5/disp_CI-eps-converted-to.pdf data/ex5/disp_CI.eps>
(epstopdf)             \includegraphics on input line 536.
Package epstopdf Info: Output file is already uptodate.
<data/ex5/disp_CI-eps-converted-to.pdf, id=1232, 463.7325pt x 347.2975pt>
File: data/ex5/disp_CI-eps-converted-to.pdf Graphic file (type pdf)
<use data/ex5/disp_CI-eps-converted-to.pdf>
Package pdftex.def Info: data/ex5/disp_CI-eps-converted-to.pdf  used on input line 536.
(pdftex.def)             Requested size: 424.58624pt x 317.98607pt.
 [22 <./data/ex5/cpt-eps-converted-to.pdf>] [23 <./data/ex5/MO_CI-eps-converted-to.pdf>] [24 <./data/ex5/disp_CI-eps-converted-to.pdf>] [25]
Package epstopdf Info: Source file: <data/ex6/Monte_Carlo.eps>
(epstopdf)                    date: 2025-12-14 18:13:21
(epstopdf)                    size: 24113 bytes
(epstopdf)             Output file: <data/ex6/Monte_Carlo-eps-converted-to.pdf>
(epstopdf)                    date: 2025-12-15 14:36:22
(epstopdf)                    size: 9151 bytes
(epstopdf)             Command: <repstopdf --outfile=data/ex6/Monte_Carlo-eps-converted-to.pdf data/ex6/Monte_Carlo.eps>
(epstopdf)             \includegraphics on input line 661.
Package epstopdf Info: Output file is already uptodate.
<data/ex6/Monte_Carlo-eps-converted-to.pdf, id=1370, 578.16pt x 216.81pt>
File: data/ex6/Monte_Carlo-eps-converted-to.pdf Graphic file (type pdf)
<use data/ex6/Monte_Carlo-eps-converted-to.pdf>
Package pdftex.def Info: data/ex6/Monte_Carlo-eps-converted-to.pdf  used on input line 661.
(pdftex.def)             Requested size: 424.58624pt x 159.21944pt.
 [26] [27 <./data/ex6/Monte_Carlo-eps-converted-to.pdf>]
Package epstopdf Info: Source file: <data/ex7/ex1.eps>
(epstopdf)                    date: 2025-12-14 17:38:02
(epstopdf)                    size: 19655 bytes
(epstopdf)             Output file: <data/ex7/ex1-eps-converted-to.pdf>
(epstopdf)                    date: 2025-12-15 14:36:23
(epstopdf)                    size: 9405 bytes
(epstopdf)             Command: <repstopdf --outfile=data/ex7/ex1-eps-converted-to.pdf data/ex7/ex1.eps>
(epstopdf)             \includegraphics on input line 733.
Package epstopdf Info: Output file is already uptodate.
<data/ex7/ex1-eps-converted-to.pdf, id=1407, 578.16pt x 216.81pt>
File: data/ex7/ex1-eps-converted-to.pdf Graphic file (type pdf)
<use data/ex7/ex1-eps-converted-to.pdf>
Package pdftex.def Info: data/ex7/ex1-eps-converted-to.pdf  used on input line 733.
(pdftex.def)             Requested size: 424.58624pt x 159.21944pt.
Package epstopdf Info: Source file: <data/ex7/ex2.eps>
(epstopdf)                    date: 2025-12-14 17:38:08
(epstopdf)                    size: 19630 bytes
(epstopdf)             Output file: <data/ex7/ex2-eps-converted-to.pdf>
(epstopdf)                    date: 2025-12-15 14:36:25
(epstopdf)                    size: 9373 bytes
(epstopdf)             Command: <repstopdf --outfile=data/ex7/ex2-eps-converted-to.pdf data/ex7/ex2.eps>
(epstopdf)             \includegraphics on input line 737.
Package epstopdf Info: Output file is already uptodate.
<data/ex7/ex2-eps-converted-to.pdf, id=1408, 578.16pt x 216.81pt>
File: data/ex7/ex2-eps-converted-to.pdf Graphic file (type pdf)
<use data/ex7/ex2-eps-converted-to.pdf>
Package pdftex.def Info: data/ex7/ex2-eps-converted-to.pdf  used on input line 737.
(pdftex.def)             Requested size: 424.58624pt x 159.21944pt.
 [28]
Package epstopdf Info: Source file: <data/ex7/ex3.eps>
(epstopdf)                    date: 2025-12-14 17:38:16
(epstopdf)                    size: 19571 bytes
(epstopdf)             Output file: <data/ex7/ex3-eps-converted-to.pdf>
(epstopdf)                    date: 2025-12-15 14:36:26
(epstopdf)                    size: 9361 bytes
(epstopdf)             Command: <repstopdf --outfile=data/ex7/ex3-eps-converted-to.pdf data/ex7/ex3.eps>
(epstopdf)             \includegraphics on input line 741.
Package epstopdf Info: Output file is already uptodate.
<data/ex7/ex3-eps-converted-to.pdf, id=1415, 578.16pt x 216.81pt>
File: data/ex7/ex3-eps-converted-to.pdf Graphic file (type pdf)
<use data/ex7/ex3-eps-converted-to.pdf>
Package pdftex.def Info: data/ex7/ex3-eps-converted-to.pdf  used on input line 741.
(pdftex.def)             Requested size: 424.58624pt x 159.21944pt.
Package epstopdf Info: Source file: <data/ex7/ex_rs.eps>
(epstopdf)                    date: 2025-12-14 17:41:51
(epstopdf)                    size: 17975 bytes
(epstopdf)             Output file: <data/ex7/ex_rs-eps-converted-to.pdf>
(epstopdf)                    date: 2025-12-15 14:36:27
(epstopdf)                    size: 11757 bytes
(epstopdf)             Command: <repstopdf --outfile=data/ex7/ex_rs-eps-converted-to.pdf data/ex7/ex_rs.eps>
(epstopdf)             \includegraphics on input line 749.
Package epstopdf Info: Output file is already uptodate.
<data/ex7/ex_rs-eps-converted-to.pdf, id=1416, 463.7325pt x 347.2975pt>
File: data/ex7/ex_rs-eps-converted-to.pdf Graphic file (type pdf)
<use data/ex7/ex_rs-eps-converted-to.pdf>
Package pdftex.def Info: data/ex7/ex_rs-eps-converted-to.pdf  used on input line 749.
(pdftex.def)             Requested size: 424.58624pt x 317.98607pt.
 [29 <./data/ex7/ex1-eps-converted-to.pdf> <./data/ex7/ex2-eps-converted-to.pdf> <./data/ex7/ex3-eps-converted-to.pdf>]
Overfull \hbox (8.2987pt too wide) in paragraph at lines 754--756
\T2A/cmr/m/n/10 100. По-лу-чим сле-ду-ю-щий ре-зуль-тат: $\OML/cmm/m/it/10 x \OT1/cmr/m/n/10 = 0\OML/cmm/m/it/10 :\OT1/cmr/m/n/10 7034296000028992\OML/cmm/m/it/10 ; y \OT1/cmr/m/n/10 = 0\OML/cmm/m/it/10 :\OT1/cmr/m/n/10 49490954286193134\OML/cmm/m/it/10 ; g\OT1/cmr/m/n/10 (\OML/cmm/m/it/10 x; y\OT1/cmr/m/n/10 ) =
 []

Package epstopdf Info: Source file: <data/ex7/ex_sa.eps>
(epstopdf)                    date: 2025-12-14 17:43:07
(epstopdf)                    size: 20790 bytes
(epstopdf)             Output file: <data/ex7/ex_sa-eps-converted-to.pdf>
(epstopdf)                    date: 2025-12-15 14:36:29
(epstopdf)                    size: 12238 bytes
(epstopdf)             Command: <repstopdf --outfile=data/ex7/ex_sa-eps-converted-to.pdf data/ex7/ex_sa.eps>
(epstopdf)             \includegraphics on input line 759.
Package epstopdf Info: Output file is already uptodate.
<data/ex7/ex_sa-eps-converted-to.pdf, id=1494, 463.7325pt x 347.2975pt>
File: data/ex7/ex_sa-eps-converted-to.pdf Graphic file (type pdf)
<use data/ex7/ex_sa-eps-converted-to.pdf>
Package pdftex.def Info: data/ex7/ex_sa-eps-converted-to.pdf  used on input line 759.
(pdftex.def)             Requested size: 424.58624pt x 317.98607pt.
[30 <./data/ex7/ex_rs-eps-converted-to.pdf>]
Overfull \hbox (39.30264pt too wide) in paragraph at lines 768--769
[]\T2A/cmr/m/n/10 Best params for $\OML/cmm/m/it/10 n[]iter \OT1/cmr/m/n/10 = 1000$\T2A/cmr/m/n/10 : $\OML/cmm/m/it/10 T[] \OT1/cmr/m/n/10 = 1$\T2A/cmr/m/n/10 , $\OML/cmm/m/it/10 k \OT1/cmr/m/n/10 = 0\OML/cmm/m/it/10 :\OT1/cmr/m/n/10 98$\T2A/cmr/m/n/10 , $\OML/cmm/m/it/10 ^^[ \OT1/cmr/m/n/10 = 1$\T2A/cmr/m/n/10 , average function value: $\OT1/cmr/m/n/10 0\OML/cmm/m/it/10 :\OT1/cmr/m/n/10 10025970964792115$\T2A/cmr/m/n/10 ,
 []

[31 <./data/ex7/ex_sa-eps-converted-to.pdf>]
Package epstopdf Info: Source file: <data/ex8/mc.eps>
(epstopdf)                    date: 2025-12-14 18:18:55
(epstopdf)                    size: 59013 bytes
(epstopdf)             Output file: <data/ex8/mc-eps-converted-to.pdf>
(epstopdf)                    date: 2025-12-15 14:36:30
(epstopdf)                    size: 12567 bytes
(epstopdf)             Command: <repstopdf --outfile=data/ex8/mc-eps-converted-to.pdf data/ex8/mc.eps>
(epstopdf)             \includegraphics on input line 825.
Package epstopdf Info: Output file is already uptodate.
<data/ex8/mc-eps-converted-to.pdf, id=1536, 463.7325pt x 347.2975pt>
File: data/ex8/mc-eps-converted-to.pdf Graphic file (type pdf)
<use data/ex8/mc-eps-converted-to.pdf>
Package pdftex.def Info: data/ex8/mc-eps-converted-to.pdf  used on input line 825.
(pdftex.def)             Requested size: 424.58624pt x 317.98607pt.
 [32]
Package epstopdf Info: Source file: <data/ex8/anal.eps>
(epstopdf)                    date: 2025-12-14 18:18:55
(epstopdf)                    size: 59040 bytes
(epstopdf)             Output file: <data/ex8/anal-eps-converted-to.pdf>
(epstopdf)                    date: 2025-12-15 14:36:31
(epstopdf)                    size: 12177 bytes
(epstopdf)             Command: <repstopdf --outfile=data/ex8/anal-eps-converted-to.pdf data/ex8/anal.eps>
(epstopdf)             \includegraphics on input line 830.
Package epstopdf Info: Output file is already uptodate.
<data/ex8/anal-eps-converted-to.pdf, id=1543, 463.7325pt x 347.2975pt>
File: data/ex8/anal-eps-converted-to.pdf Graphic file (type pdf)
<use data/ex8/anal-eps-converted-to.pdf>
Package pdftex.def Info: data/ex8/anal-eps-converted-to.pdf  used on input line 830.
(pdftex.def)             Requested size: 382.12502pt x 286.18481pt.
 [33 <./data/ex8/mc-eps-converted-to.pdf>]
Package epstopdf Info: Source file: <data/ex8/err.eps>
(epstopdf)                    date: 2025-12-14 18:18:55
(epstopdf)                    size: 58065 bytes
(epstopdf)             Output file: <data/ex8/err-eps-converted-to.pdf>
(epstopdf)                    date: 2025-12-15 14:36:33
(epstopdf)                    size: 11744 bytes
(epstopdf)             Command: <repstopdf --outfile=data/ex8/err-eps-converted-to.pdf data/ex8/err.eps>
(epstopdf)             \includegraphics on input line 835.
Package epstopdf Info: Output file is already uptodate.
<data/ex8/err-eps-converted-to.pdf, id=1562, 463.7325pt x 347.2975pt>
File: data/ex8/err-eps-converted-to.pdf Graphic file (type pdf)
<use data/ex8/err-eps-converted-to.pdf>
Package pdftex.def Info: data/ex8/err-eps-converted-to.pdf  used on input line 835.
(pdftex.def)             Requested size: 382.12502pt x 286.18481pt.
 [34 <./data/ex8/anal-eps-converted-to.pdf> <./data/ex8/err-eps-converted-to.pdf>]
Overfull \hbox (29.1402pt too wide) in paragraph at lines 859--863
\OT1/cmr/m/n/10 0[]0 = \OML/cmm/m/it/10 t[] < t[] < [] < t[]; []X[]; X[] \OMS/cmsy/m/n/10 ^^@ \OML/cmm/m/it/10 X[]; [] ; X[] \OMS/cmsy/m/n/10 ^^@ \OML/cmm/m/it/10 X[][]:$
 []

[35]
Overfull \hbox (23.6153pt too wide) detected at line 933
\OT1/cmr/m/n/10 = []\OML/cmm/m/it/10 e[]:
 []


Overfull \hbox (39.7706pt too wide) detected at line 946
\OML/cmm/m/it/10 p[]\OT1/cmr/m/n/10 (\OML/cmm/m/it/10 x; y; z\OT1/cmr/m/n/10 ) = []\OML/cmm/m/it/10 e[] \OT1/cmr/m/n/10 =
 []

[36]
Overfull \hbox (7.32817pt too wide) detected at line 954
\OT1/cmr/m/n/10 = []\OML/cmm/m/it/10 e[]:
 []


Overfull \hbox (36.905pt too wide) detected at line 955
\OMS/cmsy/m/n/10 ^^@[] [] \OT1/cmr/m/n/10 + [](\OML/cmm/m/it/10 t[]x[] \OMS/cmsy/m/n/10 ^^@ \OT1/cmr/m/n/10 2\OML/cmm/m/it/10 t[]xz \OT1/cmr/m/n/10 + \OML/cmm/m/it/10 t[]z[]\OT1/cmr/m/n/10 ) =
 []


Overfull \hbox (3.13014pt too wide) detected at line 976
\U/msb/m/n/10 E\OT1/cmr/m/n/10 (\OML/cmm/m/it/10 X\OT1/cmr/m/n/10 (\OML/cmm/m/it/10 t \OT1/cmr/m/n/10 + \OML/cmm/m/it/10 h \OT1/cmr/m/n/10 + \OML/cmm/m/it/10 s\OT1/cmr/m/n/10 )\OMS/cmsy/m/n/10 j\OML/cmm/m/it/10 X\OT1/cmr/m/n/10 (\OML/cmm/m/it/10 t\OT1/cmr/m/n/10 )) = \U/msb/m/n/10 E\OT1/cmr/m/n/10 (\U/msb/m/n/10 E\OT1/cmr/m/n/10 (\OML/cmm/m/it/10 X\OT1/cmr/m/n/10 (\OML/cmm/m/it/10 t \OT1/cmr/m/n/10 + \OML/cmm/m/it/10 h \OT1/cmr/m/n/10 + \OML/cmm/m/it/10 s\OT1/cmr/m/n/10 )\OMS/cmsy/m/n/10 j\OML/cmm/m/it/10 X\OT1/cmr/m/n/10 (\OML/cmm/m/it/10 t \OT1/cmr/m/n/10 + \OML/cmm/m/it/10 h\OT1/cmr/m/n/10 ))\OMS/cmsy/m/n/10 j\OML/cmm/m/it/10 X\OT1/cmr/m/n/10 (\OML/cmm/m/it/10 t\OT1/cmr/m/n/10 )) = \U/msb/m/n/10 E\OT1/cmr/m/n/10 ([]\OML/cmm/m/it/10 X\OT1/cmr/m/n/10 (\OML/cmm/m/it/10 t \OT1/cmr/m/n/10 + \OML/cmm/m/it/10 h\OT1/cmr/m/n/10 )\OMS/cmsy/m/n/10 j\OML/cmm/m/it/10 X\OT1/cmr/m/n/10 (\OML/cmm/m/it/10 t\OT1/cmr/m/n/10 )) = [][]\OML/cmm/m/it/10 X\OT1/cmr/m/n/10 (\OML/cmm/m/it/10 t\OT1/cmr/m/n/10 )\OML/cmm/m/it/10 :
 []

[37]
Package epstopdf Info: Source file: <data/ex9/Wiener.eps>
(epstopdf)                    date: 2025-12-14 18:50:47
(epstopdf)                    size: 628914 bytes
(epstopdf)             Output file: <data/ex9/Wiener-eps-converted-to.pdf>
(epstopdf)                    date: 2025-12-15 14:58:48
(epstopdf)                    size: 3914687 bytes
(epstopdf)             Command: <repstopdf --outfile=data/ex9/Wiener-eps-converted-to.pdf data/ex9/Wiener.eps>
(epstopdf)             \includegraphics on input line 997.
Package epstopdf Info: Output file is already uptodate.
<data/ex9/Wiener-eps-converted-to.pdf, id=1610, 463.7325pt x 347.2975pt>
File: data/ex9/Wiener-eps-converted-to.pdf Graphic file (type pdf)
<use data/ex9/Wiener-eps-converted-to.pdf>
Package pdftex.def Info: data/ex9/Wiener-eps-converted-to.pdf  used on input line 997.
(pdftex.def)             Requested size: 424.58624pt x 317.98607pt.
 [38]
Package epstopdf Info: Source file: <data/ex9/OU1.eps>
(epstopdf)                    date: 2025-12-14 18:51:14
(epstopdf)                    size: 628393 bytes
(epstopdf)             Output file: <data/ex9/OU1-eps-converted-to.pdf>
(epstopdf)                    date: 2025-12-15 14:36:35
(epstopdf)                    size: 3900108 bytes
(epstopdf)             Command: <repstopdf --outfile=data/ex9/OU1-eps-converted-to.pdf data/ex9/OU1.eps>
(epstopdf)             \includegraphics on input line 1004.
Package epstopdf Info: Output file is already uptodate.
<data/ex9/OU1-eps-converted-to.pdf, id=1615, 463.7325pt x 347.2975pt>
File: data/ex9/OU1-eps-converted-to.pdf Graphic file (type pdf)
<use data/ex9/OU1-eps-converted-to.pdf>
Package pdftex.def Info: data/ex9/OU1-eps-converted-to.pdf  used on input line 1004.
(pdftex.def)             Requested size: 424.58624pt x 317.98607pt.
 [39 <./data/ex9/Wiener-eps-converted-to.pdf>]
Package epstopdf Info: Source file: <data/ex9/OU2.eps>
(epstopdf)                    date: 2025-12-14 18:51:23
(epstopdf)                    size: 626941 bytes
(epstopdf)             Output file: <data/ex9/OU2-eps-converted-to.pdf>
(epstopdf)                    date: 2025-12-15 14:36:38
(epstopdf)                    size: 3955202 bytes
(epstopdf)             Command: <repstopdf --outfile=data/ex9/OU2-eps-converted-to.pdf data/ex9/OU2.eps>
(epstopdf)             \includegraphics on input line 1009.
Package epstopdf Info: Output file is already uptodate.
<data/ex9/OU2-eps-converted-to.pdf, id=1634, 463.7325pt x 347.2975pt>
File: data/ex9/OU2-eps-converted-to.pdf Graphic file (type pdf)
<use data/ex9/OU2-eps-converted-to.pdf>
Package pdftex.def Info: data/ex9/OU2-eps-converted-to.pdf  used on input line 1009.
(pdftex.def)             Requested size: 424.58624pt x 317.98607pt.
 [40 <./data/ex9/OU1-eps-converted-to.pdf>]
Package epstopdf Info: Source file: <data/ex9/OU3.eps>
(epstopdf)                    date: 2025-12-14 18:51:31
(epstopdf)                    size: 629221 bytes
(epstopdf)             Output file: <data/ex9/OU3-eps-converted-to.pdf>
(epstopdf)                    date: 2025-12-15 14:36:41
(epstopdf)                    size: 3889677 bytes
(epstopdf)             Command: <repstopdf --outfile=data/ex9/OU3-eps-converted-to.pdf data/ex9/OU3.eps>
(epstopdf)             \includegraphics on input line 1014.
Package epstopdf Info: Output file is already uptodate.
<data/ex9/OU3-eps-converted-to.pdf, id=1655, 463.7325pt x 347.2975pt>
File: data/ex9/OU3-eps-converted-to.pdf Graphic file (type pdf)
<use data/ex9/OU3-eps-converted-to.pdf>
Package pdftex.def Info: data/ex9/OU3-eps-converted-to.pdf  used on input line 1014.
(pdftex.def)             Requested size: 424.58624pt x 317.98607pt.
 [41 <./data/ex9/OU2-eps-converted-to.pdf>]
Overfull \hbox (5.17717pt too wide) in paragraph at lines 1022--1023
[]\T2A/cmr/m/n/10 Используя ге-не-ра-тор бе-ло-го шу-ма, до-ба-вить к ре-а-ли-за-ции про-цес-са Орнштейна-Уленбека
 []

[42 <./data/ex9/OU3-eps-converted-to.pdf>]
Package epstopdf Info: Source file: <data/ex10/noised.eps>
(epstopdf)                    date: 2025-12-15 15:03:50
(epstopdf)                    size: 789161 bytes
(epstopdf)             Output file: <data/ex10/noised-eps-converted-to.pdf>
(epstopdf)                    date: 2025-12-15 15:23:47
(epstopdf)                    size: 3878734 bytes
(epstopdf)             Command: <repstopdf --outfile=data/ex10/noised-eps-converted-to.pdf data/ex10/noised.eps>
(epstopdf)             \includegraphics on input line 1073.
Package epstopdf Info: Output file is already uptodate.
<data/ex10/noised-eps-converted-to.pdf, id=1699, 463.7325pt x 347.2975pt>
File: data/ex10/noised-eps-converted-to.pdf Graphic file (type pdf)
<use data/ex10/noised-eps-converted-to.pdf>
Package pdftex.def Info: data/ex10/noised-eps-converted-to.pdf  used on input line 1073.
(pdftex.def)             Requested size: 424.58624pt x 317.98607pt.
 [43]
Package epstopdf Info: Source file: <data/ex10/filtered.eps>
(epstopdf)                    date: 2025-12-15 15:03:52
(epstopdf)                    size: 1794409 bytes
(epstopdf)             Output file: <data/ex10/filtered-eps-converted-to.pdf>
(epstopdf)                    date: 2025-12-15 15:23:49
(epstopdf)                    size: 772443 bytes
(epstopdf)             Command: <repstopdf --outfile=data/ex10/filtered-eps-converted-to.pdf data/ex10/filtered.eps>
(epstopdf)             \includegraphics on input line 1078.
Package epstopdf Info: Output file is already uptodate.
<data/ex10/filtered-eps-converted-to.pdf, id=1705, 463.7325pt x 347.2975pt>
File: data/ex10/filtered-eps-converted-to.pdf Graphic file (type pdf)
<use data/ex10/filtered-eps-converted-to.pdf>
Package pdftex.def Info: data/ex10/filtered-eps-converted-to.pdf  used on input line 1078.
(pdftex.def)             Requested size: 424.58624pt x 317.98607pt.
 [44 <./data/ex10/noised-eps-converted-to.pdf>]
Package epstopdf Info: Source file: <data/ex10/err.eps>
(epstopdf)                    date: 2025-12-15 15:03:54
(epstopdf)                    size: 178091 bytes
(epstopdf)             Output file: <data/ex10/err-eps-converted-to.pdf>
(epstopdf)                    date: 2025-12-15 15:23:50
(epstopdf)                    size: 52403 bytes
(epstopdf)             Command: <repstopdf --outfile=data/ex10/err-eps-converted-to.pdf data/ex10/err.eps>
(epstopdf)             \includegraphics on input line 1083.
Package epstopdf Info: Output file is already uptodate.
<data/ex10/err-eps-converted-to.pdf, id=1724, 463.7325pt x 347.2975pt>
File: data/ex10/err-eps-converted-to.pdf Graphic file (type pdf)
<use data/ex10/err-eps-converted-to.pdf>
Package pdftex.def Info: data/ex10/err-eps-converted-to.pdf  used on input line 1083.
(pdftex.def)             Requested size: 424.58624pt x 317.98607pt.
 [45 <./data/ex10/filtered-eps-converted-to.pdf>] [46 <./data/ex10/err-eps-converted-to.pdf>] [47]
Package epstopdf Info: Source file: <data/ex11/SMO.eps>
(epstopdf)                    date: 2025-12-15 15:16:01
(epstopdf)                    size: 19301 bytes
(epstopdf)             Output file: <data/ex11/SMO-eps-converted-to.pdf>
(epstopdf)                    date: 2025-12-15 15:23:51
(epstopdf)                    size: 39523 bytes
(epstopdf)             Command: <repstopdf --outfile=data/ex11/SMO-eps-converted-to.pdf data/ex11/SMO.eps>
(epstopdf)             \includegraphics on input line 1148.
Package epstopdf Info: Output file is already uptodate.
<data/ex11/SMO-eps-converted-to.pdf, id=1770, 463.7325pt x 347.2975pt>
File: data/ex11/SMO-eps-converted-to.pdf Graphic file (type pdf)
<use data/ex11/SMO-eps-converted-to.pdf>
Package pdftex.def Info: data/ex11/SMO-eps-converted-to.pdf  used on input line 1148.
(pdftex.def)             Requested size: 424.58624pt x 317.98607pt.
Package epstopdf Info: Source file: <data/ex11/cyclic.eps>
(epstopdf)                    date: 2025-12-15 15:18:35
(epstopdf)                    size: 27057 bytes
(epstopdf)             Output file: <data/ex11/cyclic-eps-converted-to.pdf>
(epstopdf)                    date: 2025-12-15 15:23:52
(epstopdf)                    size: 11125 bytes
(epstopdf)             Command: <repstopdf --outfile=data/ex11/cyclic-eps-converted-to.pdf data/ex11/cyclic.eps>
(epstopdf)             \includegraphics on input line 1155.
Package epstopdf Info: Output file is already uptodate.
<data/ex11/cyclic-eps-converted-to.pdf, id=1771, 463.7325pt x 347.2975pt>
File: data/ex11/cyclic-eps-converted-to.pdf Graphic file (type pdf)
<use data/ex11/cyclic-eps-converted-to.pdf>
Package pdftex.def Info: data/ex11/cyclic-eps-converted-to.pdf  used on input line 1155.
(pdftex.def)             Requested size: 424.58624pt x 317.98607pt.
 [48 <./data/ex11/SMO-eps-converted-to.pdf>]
Package epstopdf Info: Source file: <data/ex11/pareto1.eps>
(epstopdf)                    date: 2025-12-15 15:20:38
(epstopdf)                    size: 16870 bytes
(epstopdf)             Output file: <data/ex11/pareto1-eps-converted-to.pdf>
(epstopdf)                    date: 2025-12-15 15:23:54
(epstopdf)                    size: 8724 bytes
(epstopdf)             Command: <repstopdf --outfile=data/ex11/pareto1-eps-converted-to.pdf data/ex11/pareto1.eps>
(epstopdf)             \includegraphics on input line 1162.
Package epstopdf Info: Output file is already uptodate.
<data/ex11/pareto1-eps-converted-to.pdf, id=1797, 463.7325pt x 347.2975pt>
File: data/ex11/pareto1-eps-converted-to.pdf Graphic file (type pdf)
<use data/ex11/pareto1-eps-converted-to.pdf>
Package pdftex.def Info: data/ex11/pareto1-eps-converted-to.pdf  used on input line 1162.
(pdftex.def)             Requested size: 424.58624pt x 317.98607pt.
 [49 <./data/ex11/cyclic-eps-converted-to.pdf>]
Package epstopdf Info: Source file: <data/ex11/pareto2.eps>
(epstopdf)                    date: 2025-12-15 15:20:50
(epstopdf)                    size: 16832 bytes
(epstopdf)             Output file: <data/ex11/pareto2-eps-converted-to.pdf>
(epstopdf)                    date: 2025-12-15 15:23:55
(epstopdf)                    size: 8348 bytes
(epstopdf)             Command: <repstopdf --outfile=data/ex11/pareto2-eps-converted-to.pdf data/ex11/pareto2.eps>
(epstopdf)             \includegraphics on input line 1167.
Package epstopdf Info: Output file is already uptodate.
<data/ex11/pareto2-eps-converted-to.pdf, id=1829, 463.7325pt x 347.2975pt>
File: data/ex11/pareto2-eps-converted-to.pdf Graphic file (type pdf)
<use data/ex11/pareto2-eps-converted-to.pdf>
Package pdftex.def Info: data/ex11/pareto2-eps-converted-to.pdf  used on input line 1167.
(pdftex.def)             Requested size: 424.58624pt x 317.98607pt.
 [50 <./data/ex11/pareto1-eps-converted-to.pdf>]
Package epstopdf Info: Source file: <data/ex11/pareto3.eps>
(epstopdf)                    date: 2025-12-15 15:21:26
(epstopdf)                    size: 20404 bytes
(epstopdf)             Output file: <data/ex11/pareto3-eps-converted-to.pdf>
(epstopdf)                    date: 2025-12-15 15:23:56
(epstopdf)                    size: 9126 bytes
(epstopdf)             Command: <repstopdf --outfile=data/ex11/pareto3-eps-converted-to.pdf data/ex11/pareto3.eps>
(epstopdf)             \includegraphics on input line 1172.
Package epstopdf Info: Output file is already uptodate.
<data/ex11/pareto3-eps-converted-to.pdf, id=1852, 463.7325pt x 347.2975pt>
File: data/ex11/pareto3-eps-converted-to.pdf Graphic file (type pdf)
<use data/ex11/pareto3-eps-converted-to.pdf>
Package pdftex.def Info: data/ex11/pareto3-eps-converted-to.pdf  used on input line 1172.
(pdftex.def)             Requested size: 424.58624pt x 317.98607pt.
 [51 <./data/ex11/pareto2-eps-converted-to.pdf>] [52 <./data/ex11/pareto3-eps-converted-to.pdf>] (./main.aux)
 ***********
LaTeX2e <2025-11-01>
L3 programming layer <2025-11-14>
 ***********
Package rerunfilecheck Info: File `main.out' has not changed.
(rerunfilecheck)             Checksum: 42D5112CFA7E3162E7EAF9E01193809B;22666.
 ) 
Here is how much of TeX's memory you used:
 14129 strings out of 467538
 225082 string characters out of 5423724
 647922 words of memory out of 5000000
 42630 multiletter control sequences out of 15000+600000
 641232 words of font info for 65 fonts, out of 8000000 for 9000
 1141 hyphenation exceptions out of 8191
 75i,16n,79p,1739b,522s stack positions out of 10000i,1000n,20000p,200000b,200000s
<c:/texlive/2025/texmf-dist/fonts/type1/public/amsfonts/cm/cmbx10.pfb><c:/texlive/2025/texmf-dist/fonts/type1/public/amsfonts/cm/cmbx7.pfb><c:/texlive/2025/texmf-dist/fonts/type1/public/amsfonts/cm/cmex10.pfb><c:/texlive/2025/texmf-dist/fonts/type1/public/amsfonts/cmextra/cmex7.pfb><c:/texlive/2025/texmf-dist/fonts/type1/public/amsfonts/cm/cmmi10.pfb><c:/texlive/2025/texmf-dist/fonts/type1/public/amsfonts/cm/cmmi5.pfb><c:/texlive/2025/texmf-dist/fonts/type1/public/amsfonts/cm/cmmi7.pfb><c:/texlive/2025/texmf-dist/fonts/type1/public/amsfonts/cm/cmr10.pfb><c:/texlive/2025/texmf-dist/fonts/type1/public/amsfonts/cm/cmr5.pfb><c:/texlive/2025/texmf-dist/fonts/type1/public/amsfonts/cm/cmr7.pfb><c:/texlive/2025/texmf-dist/fonts/type1/public/amsfonts/cm/cmsy10.pfb><c:/texlive/2025/texmf-dist/fonts/type1/public/amsfonts/cm/cmsy5.pfb><c:/texlive/2025/texmf-dist/fonts/type1/public/amsfonts/cm/cmsy7.pfb><c:/texlive/2025/texmf-dist/fonts/type1/public/amsfonts/symbols/msam10.pfb><c:/texlive/2025/texmf-dist/fonts/type1/public/amsfonts/symbols/msam7.pfb><c:/texlive/2025/texmf-dist/fonts/type1/public/amsfonts/symbols/msbm10.pfb><c:/texlive/2025/texmf-dist/fonts/type1/public/amsfonts/symbols/msbm7.pfb><c:/texlive/2025/texmf-dist/fonts/type1/public/cm-super/sfbx1000.pfb><c:/texlive/2025/texmf-dist/fonts/type1/public/cm-super/sfbx1200.pfb><c:/texlive/2025/texmf-dist/fonts/type1/public/cm-super/sfbx1440.pfb><c:/texlive/2025/texmf-dist/fonts/type1/public/cm-super/sfbx2488.pfb><c:/texlive/2025/texmf-dist/fonts/type1/public/cm-super/sfcc1000.pfb><c:/texlive/2025/texmf-dist/fonts/type1/public/cm-super/sfrm1000.pfb><c:/texlive/2025/texmf-dist/fonts/type1/public/cm-super/sfrm1200.pfb><c:/texlive/2025/texmf-dist/fonts/type1/public/cm-super/sfrm1728.pfb><c:/texlive/2025/texmf-dist/fonts/type1/public/cm-super/sfti1200.pfb>
Output written on main.pdf (52 pages, 22421553 bytes).
PDF statistics:
 2062 PDF objects out of 2073 (max. 8388607)
 946 compressed objects within 10 object streams
 224 named destinations out of 1000 (max. 500000)
 949 words of extra memory for PDF output out of 10000 (max. 10000000)

