\BOOKMARK [1][-]{section.1}{\376\377\004\027\004\060\004\064\004\060\004\075\004\070\004\065\000\040\0001}{}% 1
\BOOKMARK [2][-]{subsection.1.1}{\376\377\004\037\004\076\004\101\004\102\004\060\004\075\004\076\004\062\004\072\004\060\000\040\004\067\004\060\004\064\004\060\004\107\004\070}{section.1}% 2
\BOOKMARK [2][-]{subsection.1.2}{\376\377\004\042\004\065\004\076\004\100\004\065\004\102\004\070\004\107\004\065\004\101\004\072\004\070\004\065\000\040\004\101\004\062\004\065\004\064\004\065\004\075\004\070\004\117}{section.1}% 3
\BOOKMARK [3][-]{subsubsection.1.2.1}{\376\377\004\041\004\105\004\065\004\074\004\060\000\040\004\021\004\065\004\100\004\075\004\103\004\073\004\073\004\070\000\040\004\070\000\040\004\061\004\070\004\075\004\076\004\074\004\070\004\060\004\073\004\114\004\075\004\076\004\065\000\040\004\100\004\060\004\101\004\077\004\100\004\065\004\064\004\065\004\073\004\065\004\075\004\070\004\065}{subsection.1.2}% 4
\BOOKMARK [3][-]{subsubsection.1.2.2}{\376\377\004\023\004\065\004\076\004\074\004\065\004\102\004\100\004\070\004\107\004\065\004\101\004\072\004\076\004\065\000\040\004\100\004\060\004\101\004\077\004\100\004\065\004\064\004\065\004\073\004\065\004\075\004\070\004\065}{subsection.1.2}% 5
\BOOKMARK [3][-]{subsubsection.1.2.3}{\376\377\004\030\004\063\004\100\004\060\000\040\004\062\000\040\004\076\004\100\004\073\004\117\004\075\004\072\004\103}{subsection.1.2}% 6
\BOOKMARK [2][-]{subsection.1.3}{\376\377\004\040\004\065\004\067\004\103\004\073\004\114\004\102\004\060\004\102\004\113\000\040\004\100\004\060\004\061\004\076\004\102\004\113\000\040\004\077\004\100\004\076\004\063\004\100\004\060\004\074\004\074\004\113}{section.1}% 7
\BOOKMARK [3][-]{subsubsection.1.3.1}{\376\377\004\041\004\105\004\065\004\074\004\060\000\040\004\021\004\065\004\100\004\075\004\103\004\073\004\073\004\070\000\040\004\070\000\040\004\061\004\070\004\075\004\076\004\074\004\070\004\060\004\073\004\114\004\075\004\076\004\065\000\040\004\100\004\060\004\101\004\077\004\100\004\065\004\064\004\065\004\073\004\065\004\075\004\070\004\065}{subsection.1.3}% 8
\BOOKMARK [3][-]{subsubsection.1.3.2}{\376\377\004\023\004\065\004\076\004\074\004\065\004\102\004\100\004\070\004\107\004\065\004\101\004\072\004\076\004\065\000\040\004\100\004\060\004\101\004\077\004\100\004\065\004\064\004\065\004\073\004\065\004\075\004\070\004\065}{subsection.1.3}% 9
\BOOKMARK [3][-]{subsubsection.1.3.3}{\376\377\004\030\004\063\004\100\004\060\000\040\004\062\000\040\004\076\004\100\004\073\004\117\004\075\004\072\004\103}{subsection.1.3}% 10
\BOOKMARK [1][-]{section.2}{\376\377\004\027\004\060\004\064\004\060\004\075\004\070\004\065\000\040\0002}{}% 11
\BOOKMARK [2][-]{subsection.2.1}{\376\377\004\037\004\076\004\101\004\102\004\060\004\075\004\076\004\062\004\072\004\060\000\040\004\067\004\060\004\064\004\060\004\107\004\070}{section.2}% 12
\BOOKMARK [2][-]{subsection.2.2}{\376\377\004\042\004\065\004\076\004\100\004\065\004\102\004\070\004\107\004\065\004\101\004\072\004\070\004\065\000\040\004\101\004\062\004\065\004\064\004\065\004\075\004\070\004\117}{section.2}% 13
\BOOKMARK [3][-]{subsubsection.2.2.1}{\376\377\004\041\004\070\004\075\004\063\004\103\004\073\004\117\004\100\004\075\004\076\004\065\000\040\004\100\004\060\004\101\004\077\004\100\004\065\004\064\004\065\004\073\004\065\004\075\004\070\004\065}{subsection.2.2}% 14
\BOOKMARK [3][-]{subsubsection.2.2.2}{\376\377\004\037\004\100\004\076\004\062\004\065\004\100\004\072\004\060\000\040\004\077\004\076\000\040\004\072\004\100\004\070\004\102\004\065\004\100\004\070\004\116\000\040\004\032\004\076\004\073\004\074\004\076\004\063\004\076\004\100\004\076\004\062\004\060}{subsection.2.2}% 15
\BOOKMARK [3][-]{subsubsection.2.2.3}{\376\377\004\037\004\100\004\076\004\062\004\065\004\100\004\072\004\060\000\040\004\077\004\076\000\040\004\072\004\100\004\070\004\102\004\065\004\100\004\070\004\116\000\040\004\041\004\074\004\070\004\100\004\075\004\076\004\062\004\060}{subsection.2.2}% 16
\BOOKMARK [3][-]{subsubsection.2.2.4}{\376\377\004\040\004\060\004\101\004\101\004\107\004\065\004\102\000\040\004\074\004\060\004\102\004\076\004\066\004\070\004\064\004\060\004\075\004\070\004\117\000\040\004\070\000\040\004\064\004\070\004\101\004\077\004\065\004\100\004\101\004\070\004\070}{subsection.2.2}% 17
\BOOKMARK [2][-]{subsection.2.3}{\376\377\004\040\004\065\004\067\004\103\004\073\004\114\004\102\004\060\004\102\004\113\000\040\004\100\004\060\004\061\004\076\004\102\004\113\000\040\004\077\004\100\004\076\004\063\004\100\004\060\004\074\004\074\004\113}{section.2}% 18
\BOOKMARK [3][-]{subsubsection.2.3.1}{\376\377\004\041\004\070\004\075\004\063\004\103\004\073\004\117\004\100\004\075\004\076\004\065\000\040\004\100\004\060\004\101\004\077\004\100\004\065\004\064\004\065\004\073\004\065\004\075\004\070\004\065}{subsection.2.3}% 19
\BOOKMARK [3][-]{subsubsection.2.3.2}{\376\377\004\037\004\100\004\076\004\062\004\065\004\100\004\072\004\060\000\040\004\077\004\076\000\040\004\072\004\100\004\070\004\102\004\065\004\100\004\070\004\116\000\040\004\032\004\076\004\073\004\074\004\076\004\063\004\076\004\100\004\076\004\062\004\060}{subsection.2.3}% 20
\BOOKMARK [3][-]{subsubsection.2.3.3}{\376\377\004\037\004\100\004\076\004\062\004\065\004\100\004\072\004\060\000\040\004\077\004\076\000\040\004\072\004\100\004\070\004\102\004\065\004\100\004\070\004\116\000\040\004\041\004\074\004\070\004\100\004\075\004\076\004\062\004\060}{subsection.2.3}% 21
\BOOKMARK [3][-]{subsubsection.2.3.4}{\376\377\004\040\004\060\004\101\004\101\004\107\004\065\004\102\000\040\004\074\004\060\004\102\004\076\004\066\004\070\004\064\004\060\004\075\004\070\004\117\000\040\004\070\000\040\004\064\004\070\004\101\004\077\004\065\004\100\004\101\004\070\004\070}{subsection.2.3}% 22
\BOOKMARK [1][-]{section.3}{\376\377\004\027\004\060\004\064\004\060\004\075\004\070\004\065\000\040\0003}{}% 23
\BOOKMARK [2][-]{subsection.3.1}{\376\377\004\037\004\076\004\101\004\102\004\060\004\075\004\076\004\062\004\072\004\060\000\040\004\067\004\060\004\064\004\060\004\107\004\070}{section.3}% 24
\BOOKMARK [2][-]{subsection.3.2}{\376\377\004\042\004\065\004\076\004\100\004\065\004\102\004\070\004\107\004\065\004\101\004\072\004\070\004\065\000\040\004\101\004\062\004\065\004\064\004\065\004\075\004\070\004\117}{section.3}% 25
\BOOKMARK [3][-]{subsubsection.3.2.1}{\376\377\004\024\004\060\004\102\004\107\004\070\004\072\000\040\004\115\004\072\004\101\004\077\004\076\004\075\004\065\004\075\004\106\004\070\004\060\004\073\004\114\004\075\004\076\004\063\004\076\000\040\004\100\004\060\004\101\004\077\004\100\004\065\004\064\004\065\004\073\004\065\004\075\004\070\004\117}{subsection.3.2}% 26
\BOOKMARK [3][-]{subsubsection.3.2.2}{\376\377\004\040\004\060\004\101\004\077\004\100\004\065\004\064\004\065\004\073\004\065\004\075\004\070\004\065\000\040\004\074\004\070\004\075\004\070\004\074\004\103\004\074\004\060}{subsection.3.2}% 27
\BOOKMARK [3][-]{subsubsection.3.2.3}{\376\377\004\024\004\060\004\102\004\107\004\070\004\072\000\040\004\077\004\103\004\060\004\101\004\101\004\076\004\075\004\076\004\062\004\101\004\072\004\076\004\063\004\076\000\040\004\100\004\060\004\101\004\077\004\100\004\065\004\064\004\065\004\073\004\065\004\075\004\070\004\117\000\040\004\107\004\065\004\100\004\065\004\067\000\040\004\115\004\072\004\101\004\077\004\076\004\075\004\065\004\075\004\106\004\070\004\060\004\073\004\114\004\075\004\076\004\065}{subsection.3.2}% 28
\BOOKMARK [3][-]{subsubsection.3.2.4}{\376\377\004\024\004\060\004\102\004\107\004\070\004\072\000\040\004\077\004\103\004\060\004\101\004\101\004\076\004\075\004\076\004\062\004\101\004\072\004\076\004\063\004\076\000\040\004\100\004\060\004\101\004\077\004\100\004\065\004\064\004\065\004\073\004\065\004\075\004\070\004\117\000\040\004\107\004\065\004\100\004\065\004\067\000\040\004\061\004\070\004\075\004\076\004\074\004\070\004\060\004\073\004\114\004\075\004\076\004\065}{subsection.3.2}% 29
\BOOKMARK [3][-]{subsubsection.3.2.5}{\376\377\004\024\004\060\004\102\004\107\004\070\004\072\000\040\004\101\004\102\004\060\004\075\004\064\004\060\004\100\004\102\004\075\004\076\004\063\004\076\000\040\004\075\004\076\004\100\004\074\004\060\004\073\004\114\004\075\004\076\004\063\004\076\000\040\004\100\004\060\004\101\004\077\004\100\004\065\004\064\004\065\004\073\004\065\004\075\004\070\004\117}{subsection.3.2}% 30
\BOOKMARK [2][-]{subsection.3.3}{\376\377\004\040\004\065\004\067\004\103\004\073\004\114\004\102\004\060\004\102\004\113\000\040\004\100\004\060\004\061\004\076\004\102\004\113\000\040\004\077\004\100\004\076\004\063\004\100\004\060\004\074\004\074\004\113}{section.3}% 31
\BOOKMARK [1][-]{section.4}{\376\377\004\027\004\060\004\064\004\060\004\075\004\070\004\065\000\040\0004}{}% 32
\BOOKMARK [2][-]{subsection.4.1}{\376\377\004\037\004\076\004\101\004\102\004\060\004\075\004\076\004\062\004\072\004\060\000\040\004\067\004\060\004\064\004\060\004\107\004\070}{section.4}% 33
\BOOKMARK [2][-]{subsection.4.2}{\376\377\004\042\004\065\004\076\004\100\004\065\004\102\004\070\004\107\004\065\004\101\004\072\004\070\004\065\000\040\004\101\004\062\004\065\004\064\004\065\004\075\004\070\004\117}{section.4}% 34
\BOOKMARK [3][-]{subsubsection.4.2.1}{\376\377\004\024\004\060\004\102\004\107\004\070\004\072\000\040\004\100\004\060\004\101\004\077\004\100\004\065\004\064\004\065\004\073\004\065\004\075\004\070\004\117\000\040\004\032\004\076\004\110\004\070}{subsection.4.2}% 35
\BOOKMARK [3][-]{subsubsection.4.2.2}{\376\377\000R\000e\000j\000e\000c\000t\000i\000o\000n\000\040\000s\000a\000m\000p\000l\000i\000n\000g}{subsection.4.2}% 36
\BOOKMARK [2][-]{subsection.4.3}{\376\377\004\040\004\065\004\067\004\103\004\073\004\114\004\102\004\060\004\102\004\113\000\040\004\100\004\060\004\061\004\076\004\102\004\113\000\040\004\077\004\100\004\076\004\063\004\100\004\060\004\074\004\074\004\113}{section.4}% 37
\BOOKMARK [2][-]{subsection.4.4}{\376\377\004\040\004\065\004\067\004\103\004\073\004\114\004\102\004\060\004\102\004\113\000\040\004\100\004\060\004\061\004\076\004\102\004\113\000\040\004\077\004\100\004\076\004\063\004\100\004\060\004\074\004\074\004\113}{section.4}% 38
\BOOKMARK [2][-]{subsection.4.5}{\376\377\004\040\004\065\004\067\004\103\004\073\004\114\004\102\004\060\004\102\004\113\000\040\004\100\004\060\004\061\004\076\004\102\004\113\000\040\004\077\004\100\004\076\004\063\004\100\004\060\004\074\004\074\004\113}{section.4}% 39
\BOOKMARK [2][-]{subsection.4.6}{\376\377\004\040\004\065\004\067\004\103\004\073\004\114\004\102\004\060\004\102\004\113\000\040\004\100\004\060\004\061\004\076\004\102\004\113\000\040\004\077\004\100\004\076\004\063\004\100\004\060\004\074\004\074\004\113}{section.4}% 40
\BOOKMARK [1][-]{section.5}{\376\377\004\027\004\060\004\064\004\060\004\075\004\070\004\065\000\040\0005}{}% 41
\BOOKMARK [2][-]{subsection.5.1}{\376\377\004\037\004\076\004\101\004\102\004\060\004\075\004\076\004\062\004\072\004\060\000\040\004\067\004\060\004\064\004\060\004\107\004\070}{section.5}% 42
\BOOKMARK [2][-]{subsection.5.2}{\376\377\004\042\004\065\004\076\004\100\004\065\004\102\004\070\004\107\004\065\004\101\004\072\004\070\004\065\000\040\004\101\004\062\004\065\004\064\004\065\004\075\004\070\004\117}{section.5}% 43
\BOOKMARK [3][-]{subsubsection.5.2.1}{\376\377\004\027\004\021\004\047\000\040\004\070\000\040\004\046\004\037\004\042}{subsection.5.2}% 44
\BOOKMARK [3][-]{subsubsection.5.2.2}{\376\377\004\024\004\076\004\062\004\065\004\100\004\070\004\102\004\065\004\073\004\114\004\075\004\113\004\065\000\040\004\070\004\075\004\102\004\065\004\100\004\062\004\060\004\073\004\113}{subsection.5.2}% 45
\BOOKMARK [3][-]{subsubsection.5.2.3}{\376\377\004\041\004\100\004\065\004\064\004\075\004\070\004\065\000\040\004\100\004\060\004\101\004\077\004\100\004\065\004\064\004\065\004\073\004\065\004\075\004\070\004\117\000\040\004\032\004\076\004\110\004\070}{subsection.5.2}% 46
\BOOKMARK [2][-]{subsection.5.3}{\376\377\004\040\004\065\004\067\004\103\004\073\004\114\004\102\004\060\004\102\004\113\000\040\004\100\004\060\004\061\004\076\004\102\004\113\000\040\004\077\004\100\004\076\004\063\004\100\004\060\004\074\004\074\004\113}{section.5}% 47
\BOOKMARK [3][-]{subsubsection.5.3.1}{\376\377\004\027\004\021\004\047\000\040\004\070\000\040\004\046\004\037\004\042}{subsection.5.3}% 48
\BOOKMARK [3][-]{subsubsection.5.3.2}{\376\377\004\024\004\076\004\062\004\065\004\100\004\070\004\102\004\065\004\073\004\114\004\075\004\113\004\065\000\040\004\070\004\075\004\102\004\065\004\100\004\062\004\060\004\073\004\113}{subsection.5.3}% 49
\BOOKMARK [1][-]{section.6}{\376\377\004\027\004\060\004\064\004\060\004\075\004\070\004\065\000\040\0006}{}% 50
\BOOKMARK [2][-]{subsection.6.1}{\376\377\004\037\004\076\004\101\004\102\004\060\004\075\004\076\004\062\004\072\004\060\000\040\004\067\004\060\004\064\004\060\004\107\004\070}{section.6}% 51
\BOOKMARK [2][-]{subsection.6.2}{\376\377\004\042\004\065\004\076\004\100\004\065\004\102\004\070\004\107\004\065\004\101\004\072\004\070\004\065\000\040\004\101\004\062\004\065\004\064\004\065\004\075\004\070\004\117}{section.6}% 52
\BOOKMARK [3][-]{subsubsection.6.2.1}{\376\377\004\034\004\065\004\102\004\076\004\064\000\040\004\034\004\076\004\075\004\102\004\065\000\040\004\032\004\060\004\100\004\073\004\076}{subsection.6.2}% 53
\BOOKMARK [3][-]{subsubsection.6.2.2}{\376\377\004\034\004\065\004\102\004\076\004\064\000\040\004\072\004\062\004\060\004\064\004\100\004\060\004\102\004\103\004\100}{subsection.6.2}% 54
\BOOKMARK [2][-]{subsection.6.3}{\376\377\004\040\004\065\004\067\004\103\004\073\004\114\004\102\004\060\004\102\004\113\000\040\004\100\004\060\004\061\004\076\004\102\004\113\000\040\004\077\004\100\004\076\004\063\004\100\004\060\004\074\004\074\004\113}{section.6}% 55
\BOOKMARK [3][-]{subsubsection.6.3.1}{\376\377\004\034\004\065\004\102\004\076\004\064\000\040\004\034\004\076\004\075\004\102\004\065\000\040\004\032\004\060\004\100\004\073\004\076}{subsection.6.3}% 56
\BOOKMARK [3][-]{subsubsection.6.3.2}{\376\377\004\034\004\065\004\102\004\076\004\064\000\040\004\072\004\062\004\060\004\064\004\100\004\060\004\102\004\103\004\100}{subsection.6.3}% 57
\BOOKMARK [1][-]{section.7}{\376\377\004\027\004\060\004\064\004\060\004\075\004\070\004\065\000\040\0007}{}% 58
\BOOKMARK [2][-]{subsection.7.1}{\376\377\004\037\004\076\004\101\004\102\004\060\004\075\004\076\004\062\004\072\004\060\000\040\004\067\004\060\004\064\004\060\004\107\004\070}{section.7}% 59
\BOOKMARK [2][-]{subsection.7.2}{\376\377\004\042\004\065\004\076\004\100\004\065\004\102\004\070\004\107\004\065\004\101\004\072\004\070\004\065\000\040\004\101\004\062\004\065\004\064\004\065\004\075\004\070\004\117}{section.7}% 60
\BOOKMARK [3][-]{subsubsection.7.2.1}{\376\377\004\034\004\065\004\102\004\076\004\064\000\040\004\101\004\073\004\103\004\107\004\060\004\071\004\075\004\076\004\063\004\076\000\040\004\077\004\076\004\070\004\101\004\072\004\060}{subsection.7.2}% 61
\BOOKMARK [3][-]{subsubsection.7.2.2}{\376\377\004\034\004\065\004\102\004\076\004\064\000\040\004\070\004\074\004\070\004\102\004\060\004\106\004\070\004\070\000\040\004\076\004\061\004\066\004\070\004\063\004\060}{subsection.7.2}% 62
\BOOKMARK [2][-]{subsection.7.3}{\376\377\004\040\004\065\004\067\004\103\004\073\004\114\004\102\004\060\004\102\004\113\000\040\004\100\004\060\004\061\004\076\004\102\004\113\000\040\004\077\004\100\004\076\004\063\004\100\004\060\004\074\004\074\004\113}{section.7}% 63
\BOOKMARK [3][-]{subsubsection.7.3.1}{\376\377\004\034\004\065\004\102\004\076\004\064\000\040\004\101\004\073\004\103\004\107\004\060\004\071\004\075\004\076\004\063\004\076\000\040\004\077\004\076\004\070\004\101\004\072\004\060}{subsection.7.3}% 64
\BOOKMARK [3][-]{subsubsection.7.3.2}{\376\377\004\034\004\065\004\102\004\076\004\064\000\040\004\070\004\074\004\070\004\102\004\060\004\106\004\070\004\070\000\040\004\076\004\061\004\066\004\070\004\063\004\060}{subsection.7.3}% 65
\BOOKMARK [3][-]{subsubsection.7.3.3}{\376\377\004\041\004\100\004\060\004\062\004\075\004\065\004\075\004\070\004\065\000\040\004\101\004\076\000\040\004\101\004\102\004\060\004\075\004\064\004\060\004\100\004\102\004\075\004\113\004\074\004\070\000\040\004\074\004\065\004\102\004\076\004\064\004\060\004\074\004\070\000\040\004\076\004\077\004\102\004\070\004\074\004\070\004\067\004\060\004\106\004\070\004\070}{subsection.7.3}% 66
\BOOKMARK [1][-]{section.8}{\376\377\004\027\004\060\004\064\004\060\004\075\004\070\004\065\000\040\0008}{}% 67
\BOOKMARK [2][-]{subsection.8.1}{\376\377\004\037\004\076\004\101\004\102\004\060\004\075\004\076\004\062\004\072\004\060\000\040\004\067\004\060\004\064\004\060\004\107\004\070}{section.8}% 68
\BOOKMARK [2][-]{subsection.8.2}{\376\377\004\042\004\065\004\076\004\100\004\065\004\102\004\070\004\107\004\065\004\101\004\072\004\070\004\065\000\040\004\101\004\062\004\065\004\064\004\065\004\075\004\070\004\117}{section.8}% 69
\BOOKMARK [2][-]{subsection.8.3}{\376\377\004\040\004\065\004\067\004\103\004\073\004\114\004\102\004\060\004\102\004\113\000\040\004\100\004\060\004\061\004\076\004\102\004\113\000\040\004\077\004\100\004\076\004\063\004\100\004\060\004\074\004\074\004\113}{section.8}% 70
\BOOKMARK [1][-]{section.9}{\376\377\004\027\004\060\004\064\004\060\004\075\004\070\004\065\000\040\0009}{}% 71
\BOOKMARK [2][-]{subsection.9.1}{\376\377\004\037\004\076\004\101\004\102\004\060\004\075\004\076\004\062\004\072\004\060\000\040\004\067\004\060\004\064\004\060\004\107\004\070}{section.9}% 72
\BOOKMARK [2][-]{subsection.9.2}{\376\377\004\042\004\065\004\076\004\100\004\065\004\102\004\070\004\107\004\065\004\101\004\072\004\070\004\065\000\040\004\101\004\062\004\065\004\064\004\065\004\075\004\070\004\117}{section.9}% 73
\BOOKMARK [3][-]{subsubsection.9.2.1}{\376\377\004\022\004\070\004\075\004\065\004\100\004\076\004\062\004\101\004\072\004\070\004\071\000\040\004\077\004\100\004\076\004\106\004\065\004\101\004\101}{subsection.9.2}% 74
\BOOKMARK [3][-]{subsubsection.9.2.2}{\376\377\004\037\004\100\004\076\004\106\004\065\004\101\004\101\000\040\004\036\004\100\004\075\004\110\004\102\004\065\004\071\004\075\004\060\000-\004\043\004\073\004\065\004\075\004\061\004\065\004\072\004\060}{subsection.9.2}% 75
\BOOKMARK [2][-]{subsection.9.3}{\376\377\004\040\004\065\004\067\004\103\004\073\004\114\004\102\004\060\004\102\004\113\000\040\004\100\004\060\004\061\004\076\004\102\004\113\000\040\004\077\004\100\004\076\004\063\004\100\004\060\004\074\004\074\004\113}{section.9}% 76
\BOOKMARK [1][-]{section.10}{\376\377\004\027\004\060\004\064\004\060\004\075\004\070\004\065\000\040\0001\0000}{}% 77
\BOOKMARK [2][-]{subsection.10.1}{\376\377\004\037\004\076\004\101\004\102\004\060\004\075\004\076\004\062\004\072\004\060\000\040\004\067\004\060\004\064\004\060\004\107\004\070}{section.10}% 78
\BOOKMARK [2][-]{subsection.10.2}{\376\377\004\042\004\065\004\076\004\100\004\065\004\102\004\070\004\107\004\065\004\101\004\072\004\070\004\065\000\040\004\101\004\062\004\065\004\064\004\065\004\075\004\070\004\117}{section.10}% 79
\BOOKMARK [3][-]{subsubsection.10.2.1}{\376\377\004\044\004\070\004\073\004\114\004\102\004\100\000\040\004\032\004\060\004\073\004\074\004\060\004\075\004\060}{subsection.10.2}% 80
\BOOKMARK [2][-]{subsection.10.3}{\376\377\004\040\004\065\004\067\004\103\004\073\004\114\004\102\004\060\004\102\004\113\000\040\004\100\004\060\004\061\004\076\004\102\004\113\000\040\004\077\004\100\004\076\004\063\004\100\004\060\004\074\004\074\004\113}{section.10}% 81
\BOOKMARK [1][-]{section.11}{\376\377\004\027\004\060\004\064\004\060\004\075\004\070\004\065\000\040\0001\0001}{}% 82
\BOOKMARK [2][-]{subsection.11.1}{\376\377\004\037\004\076\004\101\004\102\004\060\004\075\004\076\004\062\004\072\004\060\000\040\004\067\004\060\004\064\004\060\004\107\004\070}{section.11}% 83
\BOOKMARK [2][-]{subsection.11.2}{\376\377\004\042\004\065\004\076\004\100\004\065\004\102\004\070\004\107\004\065\004\101\004\072\004\070\004\065\000\040\004\101\004\062\004\065\004\064\004\065\004\075\004\070\004\117}{section.11}% 84
\BOOKMARK [3][-]{subsubsection.11.2.1}{\376\377\004\041\004\070\004\101\004\102\004\065\004\074\004\060\000\040\004\074\004\060\004\101\004\101\004\076\004\062\004\076\004\063\004\076\000\040\004\076\004\061\004\101\004\073\004\103\004\066\004\070\004\062\004\060\004\075\004\070\004\117}{subsection.11.2}% 85
\BOOKMARK [3][-]{subsubsection.11.2.2}{\376\377\004\041\004\070\004\101\004\102\004\065\004\074\004\060\000\040\004\074\004\060\004\101\004\101\004\076\004\062\004\076\004\063\004\076\000\040\004\076\004\061\004\101\004\073\004\103\004\066\004\070\004\062\004\060\004\075\004\070\004\117\000\040\004\101\000\040\004\106\004\070\004\072\004\073\004\070\004\107\004\065\004\101\004\072\004\076\004\071\000\040\004\070\004\075\004\102\004\065\004\075\004\101\004\070\004\062\004\075\004\076\004\101\004\102\004\114\004\116}{subsection.11.2}% 86
\BOOKMARK [3][-]{subsubsection.11.2.3}{\376\377\004\040\004\060\004\061\004\076\004\102\004\060\000\040\004\101\004\102\004\100\004\060\004\105\004\076\004\062\004\076\004\071\000\040\004\072\004\076\004\074\004\077\004\060\004\075\004\070\004\070}{subsection.11.2}% 87
\BOOKMARK [2][-]{subsection.11.3}{\376\377\004\040\004\065\004\067\004\103\004\073\004\114\004\102\004\060\004\102\004\113\000\040\004\100\004\060\004\061\004\076\004\102\004\113\000\040\004\077\004\100\004\076\004\063\004\100\004\060\004\074\004\074\004\113}{section.11}% 88
\BOOKMARK [3][-]{subsubsection.11.3.1}{\376\377\004\041\004\070\004\101\004\102\004\065\004\074\004\060\000\040\004\074\004\060\004\101\004\101\004\076\004\062\004\076\004\063\004\076\000\040\004\076\004\061\004\101\004\073\004\103\004\066\004\070\004\062\004\060\004\075\004\070\004\117}{subsection.11.3}% 89
\BOOKMARK [3][-]{subsubsection.11.3.2}{\376\377\004\041\004\070\004\101\004\102\004\065\004\074\004\060\000\040\004\074\004\060\004\101\004\101\004\076\004\062\004\076\004\063\004\076\000\040\004\076\004\061\004\101\004\073\004\103\004\066\004\070\004\062\004\060\004\075\004\070\004\117\000\040\004\101\000\040\004\106\004\070\004\072\004\073\004\070\004\107\004\065\004\101\004\072\004\076\004\071\000\040\004\070\004\075\004\102\004\065\004\075\004\101\004\070\004\062\004\075\004\076\004\101\004\102\004\114\004\116}{subsection.11.3}% 90
\BOOKMARK [3][-]{subsubsection.11.3.3}{\376\377\004\040\004\060\004\061\004\076\004\102\004\060\000\040\004\101\004\102\004\100\004\060\004\105\004\076\004\062\004\076\004\071\000\040\004\072\004\076\004\074\004\077\004\060\004\075\004\070\004\070}{subsection.11.3}% 91
